Component: ARM Compiler 5.06 update 6 (build 750) Tool: armlink [4d35ed]

==============================================================================

Section Cross References

    startup_lpc17xx.o(STACK) refers (Special) to heapauxi.o(.text) for __use_two_region_memory
    startup_lpc17xx.o(HEAP) refers (Special) to heapauxi.o(.text) for __use_two_region_memory
    startup_lpc17xx.o(RESET) refers (Special) to heapauxi.o(.text) for __use_two_region_memory
    startup_lpc17xx.o(RESET) refers to startup_lpc17xx.o(STACK) for __initial_sp
    startup_lpc17xx.o(RESET) refers to startup_lpc17xx.o(.text) for Reset_Handler
    startup_lpc17xx.o(RESET) refers to irq_timer.o(.text) for TIMER0_IRQHandler
    startup_lpc17xx.o(RESET) refers to irq_button.o(.text) for EINT0_IRQHandler
    startup_lpc17xx.o(RESET) refers to irq_adc.o(.text) for ADC_IRQHandler
    startup_lpc17xx.o(RESET) refers to irq_rit.o(.text) for RIT_IRQHandler
    startup_lpc17xx.o(.ARM.__at_0x02FC) refers (Special) to heapauxi.o(.text) for __use_two_region_memory
    startup_lpc17xx.o(.text) refers (Special) to heapauxi.o(.text) for __use_two_region_memory
    startup_lpc17xx.o(.text) refers to __main.o(!!!main) for __main
    startup_lpc17xx.o(.text) refers to startup_lpc17xx.o(HEAP) for Heap_Mem
    startup_lpc17xx.o(.text) refers to startup_lpc17xx.o(STACK) for Stack_Mem
    sample.o(.text) refers to system_lpc17xx.o(.text) for SystemInit
    sample.o(.text) refers to lib_led.o(.text) for LED_init
    sample.o(.text) refers to lib_button.o(.text) for BUTTON_init
    sample.o(.text) refers to lib_joystick.o(.text) for joystick_init
    sample.o(.text) refers to lib_rit.o(.text) for init_RIT
    sample.o(.text) refers to lib_dac.o(.text) for DAC_init
    sample.o(.text) refers to lib_adc.o(.text) for ADC_init
    sample.o(.text) refers to glcd.o(.text) for LCD_Initialization
    sample.o(.text) refers to touchpanel.o(.text) for TP_Init
    sample.o(.text) refers to lib_timer.o(.text) for init_timer
    system_lpc17xx.o(.text) refers to system_lpc17xx.o(.data) for SystemFrequency
    funct_led.o(.text) refers to funct_led.o(.constdata) for led_mask
    funct_led.o(.text) refers to lib_led.o(.data) for led_value
    lib_led.o(.text) refers to lib_led.o(.data) for led_value
    irq_button.o(.text) refers to irq_rit.o(.data) for down3
    irq_timer.o(.text) refers to _printf_percent.o(.ARM.Collect$$_printf_percent$$00000000) for _printf_percent
    irq_timer.o(.text) refers to _printf_d.o(.ARM.Collect$$_printf_percent$$00000009) for _printf_d
    irq_timer.o(.text) refers to _printf_c.o(.ARM.Collect$$_printf_percent$$00000013) for _printf_c
    irq_timer.o(.text) refers to _printf_dec.o(.text) for _printf_int_dec
    irq_timer.o(.text) refers to _printf_str.o(.text) for _printf_str
    irq_timer.o(.text) refers to dflt_clz.o(x$fpl$dfltu) for __aeabi_ui2d
    irq_timer.o(.text) refers to dmul.o(x$fpl$dmul) for __aeabi_dmul
    irq_timer.o(.text) refers to dfix.o(x$fpl$dfix) for __aeabi_d2iz
    irq_timer.o(.text) refers to lib_dac.o(.text) for DAC_convert
    irq_timer.o(.text) refers to funct_led.o(.text) for LED_Off
    irq_timer.o(.text) refers to touchpanel.o(.text) for Read_Ads7846
    irq_timer.o(.text) refers to noretval__2sprintf.o(.text) for __2sprintf
    irq_timer.o(.text) refers to glcd.o(.text) for LCD_Clear
    irq_timer.o(.text) refers to lib_adc.o(.text) for ADC_start_conversion
    irq_timer.o(.text) refers to irq_timer.o(.data) for SinTable
    irq_timer.o(.text) refers to irq_rit.o(.data) for arrived
    irq_timer.o(.text) refers to touchpanel.o(.bss) for matrix
    irq_timer.o(.text) refers to touchpanel.o(.data) for display
    irq_timer.o(.text) refers to irq_timer.o(.bss) for text_note1
    irq_rit.o(.text) refers to funct_led.o(.text) for LED_On
    irq_rit.o(.text) refers to lib_timer.o(.text) for reset_timer
    irq_rit.o(.text) refers to fleqf.o(x$fpl$fleqf) for __aeabi_cfcmple
    irq_rit.o(.text) refers to feqf.o(x$fpl$feqf) for __aeabi_cfcmpeq
    irq_rit.o(.text) refers to faddsub_clz.o(x$fpl$fadd) for __aeabi_fadd
    irq_rit.o(.text) refers to faddsub_clz.o(x$fpl$fsub) for __aeabi_fsub
    irq_rit.o(.text) refers to frleqf.o(x$fpl$frleqf) for __aeabi_cfrcmple
    irq_rit.o(.text) refers to irq_rit.o(.data) for led_blinking
    irq_rit.o(.text) refers to irq_rit.o(.constdata) for .constdata
    irq_rit.o(.text) refers to fmul.o(x$fpl$fmul) for __aeabi_fmul
    irq_rit.o(.text) refers to f2d.o(x$fpl$f2d) for __aeabi_f2d
    irq_rit.o(.text) refers to dmul.o(x$fpl$dmul) for __aeabi_dmul
    irq_rit.o(.text) refers to dfixu.o(x$fpl$dfixu) for __aeabi_d2uiz
    irq_rit.o(.text) refers to daddsub_clz.o(x$fpl$drsb) for __aeabi_drsub
    irq_adc.o(.text) refers to _printf_percent.o(.ARM.Collect$$_printf_percent$$00000000) for _printf_percent
    irq_adc.o(.text) refers to _printf_d.o(.ARM.Collect$$_printf_percent$$00000009) for _printf_d
[...]
    libinit.o(.ARM.Collect$$libinit$$00000000) refers (Special) to libinit2.o(.ARM.Collect$$libinit$$0000002C) for __rt_lib_init_argv_1
    libinit.o(.ARM.Collect$$libinit$$00000000) refers (Special) to libinit2.o(.ARM.Collect$$libinit$$0000001B) for __rt_lib_init_atexit_1
    libinit.o(.ARM.Collect$$libinit$$00000000) refers (Special) to libinit2.o(.ARM.Collect$$libinit$$00000021) for __rt_lib_init_clock_1
    libinit.o(.ARM.Collect$$libinit$$00000000) refers (Special) to libinit2.o(.ARM.Collect$$libinit$$00000032) for __rt_lib_init_cpp_1
    libinit.o(.ARM.Collect$$libinit$$00000000) refers (Special) to libinit2.o(.ARM.Collect$$libinit$$00000030) for __rt_lib_init_exceptions_1
    libinit.o(.ARM.Collect$$libinit$$00000000) refers (Special) to libinit2.o(.ARM.Collect$$libinit$$00000002) for __rt_lib_init_fp_1
    libinit.o(.ARM.Collect$$libinit$$00000000) refers (Special) to libinit2.o(.ARM.Collect$$libinit$$0000001F) for __rt_lib_init_fp_trap_1
    libinit.o(.ARM.Collect$$libinit$$00000000) refers (Special) to libinit2.o(.ARM.Collect$$libinit$$00000023) for __rt_lib_init_getenv_1
    libinit.o(.ARM.Collect$$libinit$$00000000) refers (Special) to libinit2.o(.ARM.Collect$$libinit$$0000000A) for __rt_lib_init_heap_1
    libinit.o(.ARM.Collect$$libinit$$00000000) refers (Special) to libinit2.o(.ARM.Collect$$libinit$$00000011) for __rt_lib_init_lc_collate_1
    libinit.o(.ARM.Collect$$libinit$$00000000) refers (Special) to libinit2.o(.ARM.Collect$$libinit$$00000013) for __rt_lib_init_lc_ctype_1
    libinit.o(.ARM.Collect$$libinit$$00000000) refers (Special) to libinit2.o(.ARM.Collect$$libinit$$00000015) for __rt_lib_init_lc_monetary_1
    libinit.o(.ARM.Collect$$libinit$$00000000) refers (Special) to libinit2.o(.ARM.Collect$$libinit$$00000017) for __rt_lib_init_lc_numeric_1
    libinit.o(.ARM.Collect$$libinit$$00000000) refers (Special) to libinit2.o(.ARM.Collect$$libinit$$00000019) for __rt_lib_init_lc_time_1
    libinit.o(.ARM.Collect$$libinit$$00000000) refers (Special) to libinit2.o(.ARM.Collect$$libinit$$00000004) for __rt_lib_init_preinit_1
    libinit.o(.ARM.Collect$$libinit$$00000000) refers (Special) to libinit2.o(.ARM.Collect$$libinit$$0000000E) for __rt_lib_init_rand_1
    libinit.o(.ARM.Collect$$libinit$$00000000) refers (Special) to libinit2.o(.ARM.Collect$$libinit$$00000033) for __rt_lib_init_return
    libinit.o(.ARM.Collect$$libinit$$00000000) refers (Special) to libinit2.o(.ARM.Collect$$libinit$$0000001D) for __rt_lib_init_signal_1
    libinit.o(.ARM.Collect$$libinit$$00000000) refers (Special) to libinit2.o(.ARM.Collect$$libinit$$00000025) for __rt_lib_init_stdio_1
    libinit.o(.ARM.Collect$$libinit$$00000000) refers (Special) to libinit2.o(.ARM.Collect$$libinit$$0000000C) for __rt_lib_init_user_alloc_1
    libspace.o(.text) refers to libspace.o(.bss) for __libspace_start
    rtexit.o(.ARM.Collect$$rtexit$$00000000) refers (Special) to rtexit2.o(.ARM.Collect$$rtexit$$00000004) for __rt_exit_exit
    rtexit.o(.ARM.Collect$$rtexit$$00000000) refers (Special) to rtexit2.o(.ARM.Collect$$rtexit$$00000003) for __rt_exit_ls
    rtexit.o(.ARM.Collect$$rtexit$$00000000) refers (Special) to rtexit2.o(.ARM.Collect$$rtexit$$00000002) for __rt_exit_prels_1
    rtexit.o(.ARM.exidx) refers (Special) to rtexit2.o(.ARM.Collect$$rtexit$$00000004) for __rt_exit_exit
    rtexit.o(.ARM.exidx) refers (Special) to rtexit2.o(.ARM.Collect$$rtexit$$00000003) for __rt_exit_ls
    rtexit.o(.ARM.exidx) refers (Special) to rtexit2.o(.ARM.Collect$$rtexit$$00000002) for __rt_exit_prels_1
    rtexit.o(.ARM.exidx) refers to rtexit.o(.ARM.Collect$$rtexit$$00000000) for .ARM.Collect$$rtexit$$00000000
    libinit2.o(.ARM.Collect$$libinit$$00000010) refers to libinit2.o(.ARM.Collect$$libinit$$0000000F) for .ARM.Collect$$libinit$$0000000F
    libinit2.o(.ARM.Collect$$libinit$$00000012) refers to libinit2.o(.ARM.Collect$$libinit$$0000000F) for .ARM.Collect$$libinit$$0000000F
    libinit2.o(.ARM.Collect$$libinit$$00000014) refers to libinit2.o(.ARM.Collect$$libinit$$0000000F) for .ARM.Collect$$libinit$$0000000F
    libinit2.o(.ARM.Collect$$libinit$$00000016) refers to libinit2.o(.ARM.Collect$$libinit$$0000000F) for .ARM.Collect$$libinit$$0000000F
    libinit2.o(.ARM.Collect$$libinit$$00000018) refers to libinit2.o(.ARM.Collect$$libinit$$0000000F) for .ARM.Collect$$libinit$$0000000F
    libinit2.o(.ARM.Collect$$libinit$$00000026) refers to argv_veneer.o(.emb_text) for __ARM_argv_veneer
    libinit2.o(.ARM.Collect$$libinit$$00000027) refers to argv_veneer.o(.emb_text) for __ARM_argv_veneer
    rtexit2.o(.ARM.Collect$$rtexit$$00000003) refers to libshutdown.o(.ARM.Collect$$libshutdown$$00000000) for __rt_lib_shutdown
    rtexit2.o(.ARM.Collect$$rtexit$$00000004) refers to sys_exit.o(.text) for _sys_exit
    rtexit2.o(.ARM.exidx) refers to rtexit2.o(.ARM.Collect$$rtexit$$00000001) for .ARM.Collect$$rtexit$$00000001
    rtexit2.o(.ARM.exidx) refers to rtexit2.o(.ARM.Collect$$rtexit$$00000003) for .ARM.Collect$$rtexit$$00000003
    rtexit2.o(.ARM.exidx) refers to rtexit2.o(.ARM.Collect$$rtexit$$00000004) for .ARM.Collect$$rtexit$$00000004
    argv_veneer.o(.emb_text) refers to no_argv.o(.text) for __ARM_get_argv
    sys_exit.o(.text) refers (Special) to use_no_semi.o(.text) for __I$use$semihosting
    sys_exit.o(.text) refers (Special) to indicate_semi.o(.text) for __semihosting_library_function
    _get_argv_nomalloc.o(.text) refers (Special) to hrguard.o(.text) for __heap_region$guard
    _get_argv_nomalloc.o(.text) refers to defsig_rtmem_outer.o(.text) for __rt_SIGRTMEM
    _get_argv_nomalloc.o(.text) refers to sys_command.o(.text) for _sys_command_string
    libshutdown.o(.ARM.Collect$$libshutdown$$00000000) refers (Special) to libshutdown2.o(.ARM.Collect$$libshutdown$$00000002) for __rt_lib_shutdown_cpp_1
    libshutdown.o(.ARM.Collect$$libshutdown$$00000000) refers (Special) to libshutdown2.o(.ARM.Collect$$libshutdown$$00000007) for __rt_lib_shutdown_fp_trap_1
    libshutdown.o(.ARM.Collect$$libshutdown$$00000000) refers (Special) to libshutdown2.o(.ARM.Collect$$libshutdown$$0000000F) for __rt_lib_shutdown_heap_1
    libshutdown.o(.ARM.Collect$$libshutdown$$00000000) refers (Special) to libshutdown2.o(.ARM.Collect$$libshutdown$$00000010) for __rt_lib_shutdown_return
    libshutdown.o(.ARM.Collect$$libshutdown$$00000000) refers (Special) to libshutdown2.o(.ARM.Collect$$libshutdown$$0000000A) for __rt_lib_shutdown_signal_1
    libshutdown.o(.ARM.Collect$$libshutdown$$00000000) refers (Special) to libshutdown2.o(.ARM.Collect$$libshutdown$$00000004) for __rt_lib_shutdown_stdio_1
    libshutdown.o(.ARM.Collect$$libshutdown$$00000000) refers (Special) to libshutdown2.o(.ARM.Collect$$libshutdown$$0000000C) for __rt_lib_shutdown_user_alloc_1
    sys_command.o(.text) refers (Special) to use_no_semi.o(.text) for __I$use$semihosting
    sys_command.o(.text) refers (Special) to indicate_semi.o(.text) for __semihosting_library_function
    defsig_rtmem_outer.o(.text) refers to defsig_rtmem_inner.o(.text) for __rt_SIGRTMEM_inner
    defsig_rtmem_outer.o(.text) refers to defsig_exit.o(.text) for __sig_exit
    defsig_rtmem_formal.o(.text) refers to rt_raise.o(.text) for __rt_raise
    rt_raise.o(.text) refers to __raise.o(.text) for __raise
    rt_raise.o(.text) refers to sys_exit.o(.text) for _sys_exit
    defsig_exit.o(.text) refers to sys_exit.o(.text) for _sys_exit
    defsig_rtmem_inner.o(.text) refers to defsig_general.o(.text) for __default_signal_display
    __raise.o(.text) refers to defsig.o(CL$$defsig) for __default_signal_handler
    defsig_general.o(.text) refers to sys_wrch.o(.text) for _ttywrch
    sys_wrch.o(.text) refers (Special) to use_no_semi.o(.text) for __I$use$semihosting
    sys_wrch.o(.text) refers (Special) to indicate_semi.o(.text) for __semihosting_library_function
    defsig.o(CL$$defsig) refers to defsig_rtmem_inner.o(.text) for __rt_SIGRTMEM_inner
    defsig_abrt_inner.o(.text) refers to defsig_general.o(.text) for __default_signal_display
    defsig_fpe_inner.o(.text) refers to defsig_general.o(.text) for __default_signal_display
    defsig_rtred_inner.o(.text) refers to defsig_general.o(.text) for __default_signal_display
    defsig_stak_inner.o(.text) refers to defsig_general.o(.text) for __default_signal_display
    defsig_pvfn_inner.o(.text) refers to defsig_general.o(.text) for __default_signal_display
    defsig_cppl_inner.o(.text) refers to defsig_general.o(.text) for __default_signal_display
    defsig_segv_inner.o(.text) refers to defsig_general.o(.text) for __default_signal_display
    defsig_other.o(.text) refers to defsig_general.o(.text) for __default_signal_display


==============================================================================

Removing Unused input sections from the image.

    Removing sample.o(.rev16_text), (4 bytes).
    Removing sample.o(.revsh_text), (4 bytes).
    Removing sample.o(.rrx_text), (6 bytes).
    Removing core_cm3.o(.emb_text), (32 bytes).
    Removing system_lpc17xx.o(.rev16_text), (4 bytes).
    Removing system_lpc17xx.o(.revsh_text), (4 bytes).
    Removing system_lpc17xx.o(.rrx_text), (6 bytes).
    Removing funct_led.o(.rev16_text), (4 bytes).
    Removing funct_led.o(.revsh_text), (4 bytes).
    Removing funct_led.o(.rrx_text), (6 bytes).
    Removing lib_led.o(.rev16_text), (4 bytes).
    Removing lib_led.o(.revsh_text), (4 bytes).
    Removing lib_led.o(.rrx_text), (6 bytes).
    Removing lib_button.o(.rev16_text), (4 bytes).
    Removing lib_button.o(.revsh_text), (4 bytes).
    Removing lib_button.o(.rrx_text), (6 bytes).
    Removing irq_button.o(.rev16_text), (4 bytes).
    Removing irq_button.o(.revsh_text), (4 bytes).
    Removing irq_button.o(.rrx_text), (6 bytes).
    Removing irq_timer.o(.rev16_text), (4 bytes).
    Removing irq_timer.o(.revsh_text), (4 bytes).
    Removing irq_timer.o(.rrx_text), (6 bytes).
    Removing lib_timer.o(.rev16_text), (4 bytes).
    Removing lib_timer.o(.revsh_text), (4 bytes).
    Removing lib_timer.o(.rrx_text), (6 bytes).
    Removing funct_joystick.o(.rev16_text), (4 bytes).
    Removing funct_joystick.o(.revsh_text), (4 bytes).
    Removing funct_joystick.o(.rrx_text), (6 bytes).
    Removing funct_joystick.o(.text), (2 bytes).
    Removing lib_joystick.o(.rev16_text), (4 bytes).
    Removing lib_joystick.o(.revsh_text), (4 bytes).
    Removing lib_joystick.o(.rrx_text), (6 bytes).
    Removing irq_rit.o(.rev16_text), (4 bytes).
    Removing irq_rit.o(.revsh_text), (4 bytes).
    Removing irq_rit.o(.rrx_text), (6 bytes).
    Removing lib_rit.o(.rev16_text), (4 bytes).
    Removing lib_rit.o(.revsh_text), (4 bytes).
    Removing lib_rit.o(.rrx_text), (6 bytes).
    Removing lib_dac.o(.rev16_text), (4 bytes).
    Removing lib_dac.o(.revsh_text), (4 bytes).
    Removing lib_dac.o(.rrx_text), (6 bytes).
    Removing irq_adc.o(.rev16_text), (4 bytes).
    Removing irq_adc.o(.revsh_text), (4 bytes).
    Removing irq_adc.o(.rrx_text), (6 bytes).
    Removing irq_adc.o(.bss), (10 bytes).
    Removing lib_adc.o(.rev16_text), (4 bytes).
    Removing lib_adc.o(.revsh_text), (4 bytes).
    Removing lib_adc.o(.rrx_text), (6 bytes).
    Removing touchpanel.o(.rev16_text), (4 bytes).
    Removing touchpanel.o(.revsh_text), (4 bytes).
    Removing touchpanel.o(.rrx_text), (6 bytes).
    Removing hzlib.o(.text), (52 bytes).
    Removing hzlib.o(.constdata), (216576 bytes).
    Removing glcd.o(.rev16_text), (4 bytes).
    Removing glcd.o(.revsh_text), (4 bytes).
    Removing glcd.o(.rrx_text), (6 bytes).

56 unused section(s) (total 216910 bytes) removed from the image.

==============================================================================

Image Symbol Table

    Local Symbols

    Symbol Name                              Value     Ov Type        Size  Object(Section)

    RESET                                    0x00000000   Section      204  startup_lpc17xx.o(RESET)
    ../clib/angel/boardlib.s                 0x00000000   Number         0  boardinit2.o ABSOLUTE
    ../clib/angel/boardlib.s                 0x00000000   Number         0  boardinit1.o ABSOLUTE
    ../clib/angel/boardlib.s                 0x00000000   Number         0  boardinit3.o ABSOLUTE
    ../clib/angel/boardlib.s                 0x00000000   Number         0  boardshut.o ABSOLUTE
    ../clib/angel/handlers.s                 0x00000000   Number         0  __scatter_zi.o ABSOLUTE
    ../clib/angel/handlers.s                 0x00000000   Number         0  __scatter_copy.o ABSOLUTE
    ../clib/angel/kernel.s                   0x00000000   Number         0  __rtentry4.o ABSOLUTE
    ../clib/angel/kernel.s                   0x00000000   Number         0  __rtentry.o ABSOLUTE
    ../clib/angel/kernel.s                   0x00000000   Number         0  __rtentry2.o ABSOLUTE
    ../clib/angel/kernel.s                   0x00000000   Number         0  rtexit.o ABSOLUTE
    ../clib/angel/kernel.s                   0x00000000   Number         0  rtexit2.o ABSOLUTE
    ../clib/angel/rt.s                       0x00000000   Number         0  rt_raise.o ABSOLUTE
    ../clib/angel/scatter.s                  0x00000000   Number         0  __scatter.o ABSOLUTE
    ../clib/angel/startup.s                  0x00000000   Number         0  __main.o ABSOLUTE
    ../clib/angel/sys.s                      0x00000000   Number         0  use_no_semi.o ABSOLUTE
    ../clib/angel/sys.s                      0x00000000   Number         0  sys_stackheap_outer.o ABSOLUTE
    ../clib/angel/sys.s                      0x00000000   Number         0  indicate_semi.o ABSOLUTE
    ../clib/angel/sys.s                      0x00000000   Number         0  libspace.o ABSOLUTE
    ../clib/angel/sysapp.c                   0x00000000   Number         0  sys_exit.o ABSOLUTE
    ../clib/angel/sysapp.c                   0x00000000   Number         0  sys_wrch.o ABSOLUTE
    ../clib/angel/sysapp.c                   0x00000000   Number         0  sys_command.o ABSOLUTE
    ../clib/armsys.c                         0x00000000   Number         0  no_argv.o ABSOLUTE
    ../clib/armsys.c                         0x00000000   Number         0  _get_argv_nomalloc.o ABSOLUTE
    ../clib/armsys.c                         0x00000000   Number         0  argv_veneer.o ABSOLUTE
    ../clib/armsys.c                         0x00000000   Number         0  argv_veneer.o ABSOLUTE
    ../clib/heapalloc.c                      0x00000000   Number         0  hrguard.o ABSOLUTE
    ../clib/heapaux.c                        0x00000000   Number         0  heapauxi.o ABSOLUTE
    ../clib/libinit.s                        0x00000000   Number         0  libinit2.o ABSOLUTE
    ../clib/libinit.s                        0x00000000   Number         0  libshutdown.o ABSOLUTE
    ../clib/libinit.s                        0x00000000   Number         0  libinit.o ABSOLUTE
    ../clib/libinit.s                        0x00000000   Number         0  libshutdown2.o ABSOLUTE
    ../clib/memcpset.s                       0x00000000   Number         0  rt_memcpy_v6.o ABSOLUTE
    ../clib/memcpset.s                       0x00000000   Number         0  rt_memclr_w.o ABSOLUTE
    ../clib/memcpset.s                       0x00000000   Number         0  rt_memcpy_w.o ABSOLUTE
    ../clib/printf.c                         0x00000000   Number         0  __printf_ss.o ABSOLUTE
    ../clib/printf.c                         0x00000000   Number         0  __printf_wp.o ABSOLUTE
    ../clib/printf.c                         0x00000000   Number         0  __printf_flags_wp.o ABSOLUTE
    ../clib/printf.c                         0x00000000   Number         0  __printf_ss_wp.o ABSOLUTE
    ../clib/printf.c                         0x00000000   Number         0  __printf_flags_ss_wp.o ABSOLUTE
    ../clib/printf.c                         0x00000000   Number         0  __printf_flags_ss.o ABSOLUTE
    ../clib/printf.c                         0x00000000   Number         0  __printf_nopercent.o ABSOLUTE
    ../clib/printf.c                         0x00000000   Number         0  noretval__2sprintf.o ABSOLUTE
    ../clib/printf.c                         0x00000000   Number         0  _printf_char.o ABSOLUTE
    ../clib/printf.c                         0x00000000   Number         0  _sputc.o ABSOLUTE
    ../clib/printf.c                         0x00000000   Number         0  _printf_char_common.o ABSOLUTE
    ../clib/printf.c                         0x00000000   Number         0  _printf_intcommon.o ABSOLUTE
    ../clib/printf.c                         0x00000000   Number         0  __2sprintf.o ABSOLUTE
    ../clib/printf.c                         0x00000000   Number         0  __printf.o ABSOLUTE
    ../clib/printf.c                         0x00000000   Number         0  _printf_str.o ABSOLUTE
    ../clib/printf.c                         0x00000000   Number         0  _printf_dec.o ABSOLUTE
    ../clib/printf.c                         0x00000000   Number         0  __printf_flags.o ABSOLUTE
    ../clib/printf_percent.s                 0x00000000   Number         0  _printf_percent_end.o ABSOLUTE
    ../clib/printf_percent.s                 0x00000000   Number         0  _printf_d.o ABSOLUTE
    ../clib/printf_percent.s                 0x00000000   Number         0  _printf_percent.o ABSOLUTE
    ../clib/printf_percent.s                 0x00000000   Number         0  _printf_c.o ABSOLUTE
    ../clib/signal.c                         0x00000000   Number         0  __raise.o ABSOLUTE
    ../clib/signal.c                         0x00000000   Number         0  defsig_rtmem_outer.o ABSOLUTE
    ../clib/signal.c                         0x00000000   Number         0  defsig_rtmem_formal.o ABSOLUTE
    ../clib/signal.c                         0x00000000   Number         0  defsig_exit.o ABSOLUTE
    ../clib/signal.c                         0x00000000   Number         0  defsig_rtmem_inner.o ABSOLUTE
    ../clib/signal.c                         0x00000000   Number         0  defsig_other.o ABSOLUTE
    ../clib/signal.c                         0x00000000   Number         0  defsig_segv_inner.o ABSOLUTE
    ../clib/signal.c                         0x00000000   Number         0  defsig_cppl_inner.o ABSOLUTE
    ../clib/signal.c                         0x00000000   Number         0  defsig_pvfn_inner.o ABSOLUTE
    ../clib/signal.c                         0x00000000   Number         0  defsig_stak_inner.o ABSOLUTE
    ../clib/signal.c                         0x00000000   Number         0  defsig_rtred_inner.o ABSOLUTE
    ../clib/signal.c                         0x00000000   Number         0  defsig_fpe_inner.o ABSOLUTE
    ../clib/signal.c                         0x00000000   Number         0  defsig_abrt_inner.o ABSOLUTE
    ../clib/signal.c                         0x00000000   Number         0  defsig_general.o ABSOLUTE
    ../clib/signal.s                         0x00000000   Number         0  defsig.o ABSOLUTE
    ../clib/stdlib.c                         0x00000000   Number         0  exit.o ABSOLUTE
    ../fplib/daddsub.s                       0x00000000   Number         0  daddsub_clz.o ABSOLUTE
    ../fplib/dcmpi.s                         0x00000000   Number         0  dcmpi.o ABSOLUTE
    ../fplib/ddiv.s                          0x00000000   Number         0  ddiv.o ABSOLUTE
    ../fplib/deqf.s                          0x00000000   Number         0  deqf.o ABSOLUTE
    ../fplib/dfix.s                          0x00000000   Number         0  dfix.o ABSOLUTE
    ../fplib/dfixu.s                         0x00000000   Number         0  dfixu.o ABSOLUTE
    ../fplib/dflt.s                          0x00000000   Number         0  dflt_clz.o ABSOLUTE
    ../fplib/dmul.s                          0x00000000   Number         0  dmul.o ABSOLUTE
    ../fplib/dnaninf.s                       0x00000000   Number         0  dnaninf.o ABSOLUTE
    ../fplib/dretinf.s                       0x00000000   Number         0  dretinf.o ABSOLUTE
    ../fplib/f2d.s                           0x00000000   Number         0  f2d.o ABSOLUTE
    ../fplib/faddsub.s                       0x00000000   Number         0  faddsub_clz.o ABSOLUTE
    ../fplib/fcmpi.s                         0x00000000   Number         0  fcmpi.o ABSOLUTE
    ../fplib/feqf.s                          0x00000000   Number         0  feqf.o ABSOLUTE
    ../fplib/fleqf.s                         0x00000000   Number         0  fleqf.o ABSOLUTE
    ../fplib/fmul.s                          0x00000000   Number         0  fmul.o ABSOLUTE
    ../fplib/fnaninf.s                       0x00000000   Number         0  fnaninf.o ABSOLUTE
    ../fplib/fpinit.s                        0x00000000   Number         0  fpinit.o ABSOLUTE
    ../fplib/fretinf.s                       0x00000000   Number         0  fretinf.o ABSOLUTE
    ../fplib/frleqf.s                        0x00000000   Number         0  frleqf.o ABSOLUTE
    ../fplib/usenofp.s                       0x00000000   Number         0  usenofp.o ABSOLUTE
    GLCD\AsciiLib.c                          0x00000000   Number         0  asciilib.o ABSOLUTE
    GLCD\GLCD.c                              0x00000000   Number         0  glcd.o ABSOLUTE
    GLCD\HzLib.c                             0x00000000   Number         0  hzlib.o ABSOLUTE
    GLCD\\GLCD.c                             0x00000000   Number         0  glcd.o ABSOLUTE
    RIT\IRQ_RIT.c                            0x00000000   Number         0  irq_rit.o ABSOLUTE
    RIT\\IRQ_RIT.c                           0x00000000   Number         0  irq_rit.o ABSOLUTE
    RIT\\lib_RIT.c                           0x00000000   Number         0  lib_rit.o ABSOLUTE
    RIT\lib_RIT.c                            0x00000000   Number         0  lib_rit.o ABSOLUTE
    TouchPanel\TouchPanel.c                  0x00000000   Number         0  touchpanel.o ABSOLUTE
    TouchPanel\\TouchPanel.c                 0x00000000   Number         0  touchpanel.o ABSOLUTE
    adc\IRQ_adc.c                            0x00000000   Number         0  irq_adc.o ABSOLUTE
    adc\\IRQ_adc.c                           0x00000000   Number         0  irq_adc.o ABSOLUTE
    adc\\lib_adc.c                           0x00000000   Number         0  lib_adc.o ABSOLUTE
    adc\lib_adc.c                            0x00000000   Number         0  lib_adc.o ABSOLUTE
    button_EXINT\IRQ_button.c                0x00000000   Number         0  irq_button.o ABSOLUTE
    button_EXINT\\IRQ_button.c               0x00000000   Number         0  irq_button.o ABSOLUTE
    button_EXINT\\lib_button.c               0x00000000   Number         0  lib_button.o ABSOLUTE
    button_EXINT\lib_button.c                0x00000000   Number         0  lib_button.o ABSOLUTE
    core_cm3.c                               0x00000000   Number         0  core_cm3.o ABSOLUTE
    core_cm3.c                               0x00000000   Number         0  core_cm3.o ABSOLUTE
    dac\\lib_dac.c                           0x00000000   Number         0  lib_dac.o ABSOLUTE
    dac\lib_dac.c                            0x00000000   Number         0  lib_dac.o ABSOLUTE
    dc.s                                     0x00000000   Number         0  dc.o ABSOLUTE
    joystick\\funct_joystick.c               0x00000000   Number         0  funct_joystick.o ABSOLUTE
    joystick\\lib_joystick.c                 0x00000000   Number         0  lib_joystick.o ABSOLUTE
    joystick\funct_joystick.c                0x00000000   Number         0  funct_joystick.o ABSOLUTE
    joystick\lib_joystick.c                  0x00000000   Number         0  lib_joystick.o ABSOLUTE
    led\\funct_led.c                         0x00000000   Number         0  funct_led.o ABSOLUTE
    led\\lib_led.c                           0x00000000   Number         0  lib_led.o ABSOLUTE
    led\funct_led.c                          0x00000000   Number         0  funct_led.o ABSOLUTE
    led\lib_led.c                            0x00000000   Number         0  lib_led.o ABSOLUTE
    sample.c                                 0x00000000   Number         0  sample.o ABSOLUTE
    sample.c                                 0x00000000   Number         0  sample.o ABSOLUTE
    startup_LPC17xx.s                        0x00000000   Number         0  startup_lpc17xx.o ABSOLUTE
    system_LPC17xx.c                         0x00000000   Number         0  system_lpc17xx.o ABSOLUTE
    system_LPC17xx.c                         0x00000000   Number         0  system_lpc17xx.o ABSOLUTE
    timer\IRQ_timer.c                        0x00000000   Number         0  irq_timer.o ABSOLUTE
    timer\\IRQ_timer.c                       0x00000000   Number         0  irq_timer.o ABSOLUTE
    timer\\lib_timer.c                       0x00000000   Number         0  lib_timer.o ABSOLUTE
    timer\lib_timer.c                        0x00000000   Number         0  lib_timer.o ABSOLUTE
    !!!main                                  0x000000cc   Section        8  __main.o(!!!main)
    !!!scatter                               0x000000d4   Section       52  __scatter.o(!!!scatter)
    !!handler_copy                           0x00000108   Section       26  __scatter_copy.o(!!handler_copy)
    !!handler_zi                             0x00000124   Section       28  __scatter_zi.o(!!handler_zi)
    .ARM.Collect$$_printf_percent$$00000000  0x00000140   Section        0  _printf_percent.o(.ARM.Collect$$_printf_percent$$00000000)
    .ARM.Collect$$_printf_percent$$00000009  0x00000140   Section        6  _printf_d.o(.ARM.Collect$$_printf_percent$$00000009)
    .ARM.Collect$$_printf_percent$$00000013  0x00000146   Section        6  _printf_c.o(.ARM.Collect$$_printf_percent$$00000013)
    .ARM.Collect$$_printf_percent$$00000017  0x0000014c   Section        4  _printf_percent_end.o(.ARM.Collect$$_printf_percent$$00000017)
    .ARM.Collect$$libinit$$00000000          0x00000150   Section        2  libinit.o(.ARM.Collect$$libinit$$00000000)
    .ARM.Collect$$libinit$$00000002          0x00000152   Section        0  libinit2.o(.ARM.Collect$$libinit$$00000002)
    .ARM.Collect$$libinit$$00000004          0x00000152   Section        0  libinit2.o(.ARM.Collect$$libinit$$00000004)
    .ARM.Collect$$libinit$$0000000A          0x00000152   Section        0  libinit2.o(.ARM.Collect$$libinit$$0000000A)
    .ARM.Collect$$libinit$$0000000C          0x00000152   Section        0  libinit2.o(.ARM.Collect$$libinit$$0000000C)
    .ARM.Collect$$libinit$$0000000E          0x00000152   Section        0  libinit2.o(.ARM.Collect$$libinit$$0000000E)
    .ARM.Collect$$libinit$$00000011          0x00000152   Section        0  libinit2.o(.ARM.Collect$$libinit$$00000011)
    .ARM.Collect$$libinit$$00000013          0x00000152   Section        0  libinit2.o(.ARM.Collect$$libinit$$00000013)
    .ARM.Collect$$libinit$$00000015          0x00000152   Section        0  libinit2.o(.ARM.Collect$$libinit$$00000015)
    .ARM.Collect$$libinit$$00000017          0x00000152   Section        0  libinit2.o(.ARM.Collect$$libinit$$00000017)
    .ARM.Collect$$libinit$$00000019          0x00000152   Section        0  libinit2.o(.ARM.Collect$$libinit$$00000019)
    .ARM.Collect$$libinit$$0000001B          0x00000152   Section        0  libinit2.o(.ARM.Collect$$libinit$$0000001B)
    .ARM.Collect$$libinit$$0000001D          0x00000152   Section        0  libinit2.o(.ARM.Collect$$libinit$$0000001D)
    .ARM.Collect$$libinit$$0000001F          0x00000152   Section        0  libinit2.o(.ARM.Collect$$libinit$$0000001F)
    .ARM.Collect$$libinit$$00000021          0x00000152   Section        0  libinit2.o(.ARM.Collect$$libinit$$00000021)
    .ARM.Collect$$libinit$$00000023          0x00000152   Section        0  libinit2.o(.ARM.Collect$$libinit$$00000023)
    .ARM.Collect$$libinit$$00000025          0x00000152   Section        0  libinit2.o(.ARM.Collect$$libinit$$00000025)
    .ARM.Collect$$libinit$$0000002C          0x00000152   Section        0  libinit2.o(.ARM.Collect$$libinit$$0000002C)
    .ARM.Collect$$libinit$$0000002E          0x00000152   Section        0  libinit2.o(.ARM.Collect$$libinit$$0000002E)
    .ARM.Collect$$libinit$$00000030          0x00000152   Section        0  libinit2.o(.ARM.Collect$$libinit$$00000030)
    .ARM.Collect$$libinit$$00000032          0x00000152   Section        0  libinit2.o(.ARM.Collect$$libinit$$00000032)
    .ARM.Collect$$libinit$$00000033          0x00000152   Section        2  libinit2.o(.ARM.Collect$$libinit$$00000033)
    .ARM.Collect$$libshutdown$$00000000      0x00000154   Section        2  libshutdown.o(.ARM.Collect$$libshutdown$$00000000)
    .ARM.Collect$$libshutdown$$00000002      0x00000156   Section        0  libshutdown2.o(.ARM.Collect$$libshutdown$$00000002)
    .ARM.Collect$$libshutdown$$00000004      0x00000156   Section        0  libshutdown2.o(.ARM.Collect$$libshutdown$$00000004)
    .ARM.Collect$$libshutdown$$00000007      0x00000156   Section        0  libshutdown2.o(.ARM.Collect$$libshutdown$$00000007)
    .ARM.Collect$$libshutdown$$0000000A      0x00000156   Section        0  libshutdown2.o(.ARM.Collect$$libshutdown$$0000000A)
    .ARM.Collect$$libshutdown$$0000000C      0x00000156   Section        0  libshutdown2.o(.ARM.Collect$$libshutdown$$0000000C)
    .ARM.Collect$$libshutdown$$0000000F      0x00000156   Section        0  libshutdown2.o(.ARM.Collect$$libshutdown$$0000000F)
    .ARM.Collect$$libshutdown$$00000010      0x00000156   Section        2  libshutdown2.o(.ARM.Collect$$libshutdown$$00000010)
    .ARM.Collect$$rtentry$$00000000          0x00000158   Section        0  __rtentry.o(.ARM.Collect$$rtentry$$00000000)
    .ARM.Collect$$rtentry$$00000002          0x00000158   Section        0  __rtentry2.o(.ARM.Collect$$rtentry$$00000002)
    .ARM.Collect$$rtentry$$00000004          0x00000158   Section        6  __rtentry4.o(.ARM.Collect$$rtentry$$00000004)
    .ARM.Collect$$rtentry$$00000009          0x0000015e   Section        0  __rtentry2.o(.ARM.Collect$$rtentry$$00000009)
    .ARM.Collect$$rtentry$$0000000A          0x0000015e   Section        4  __rtentry2.o(.ARM.Collect$$rtentry$$0000000A)
    .ARM.Collect$$rtentry$$0000000C          0x00000162   Section        0  __rtentry2.o(.ARM.Collect$$rtentry$$0000000C)
    .ARM.Collect$$rtentry$$0000000D          0x00000162   Section        8  __rtentry2.o(.ARM.Collect$$rtentry$$0000000D)
    .ARM.Collect$$rtexit$$00000000           0x0000016a   Section        2  rtexit.o(.ARM.Collect$$rtexit$$00000000)
    .ARM.Collect$$rtexit$$00000002           0x0000016c   Section        0  rtexit2.o(.ARM.Collect$$rtexit$$00000002)
    .ARM.Collect$$rtexit$$00000003           0x0000016c   Section        4  rtexit2.o(.ARM.Collect$$rtexit$$00000003)
    .ARM.Collect$$rtexit$$00000004           0x00000170   Section        6  rtexit2.o(.ARM.Collect$$rtexit$$00000004)
    .text                                    0x00000178   Section       52  startup_lpc17xx.o(.text)
    .text                                    0x000001ac   Section        0  sample.o(.text)
    .text                                    0x0000023c   Section        0  funct_led.o(.text)
    .text                                    0x000002a8   Section        0  lib_led.o(.text)
    .text                                    0x000002e8   Section        0  heapauxi.o(.text)
    .text                                    0x000002ee   Section        0  _sputc.o(.text)
    .text                                    0x000002f8   Section        2  use_no_semi.o(.text)
    .text                                    0x000002fa   Section        0  indicate_semi.o(.text)
    x$fpl$usenofp                            0x000002fa   Section        0  usenofp.o(x$fpl$usenofp)
    .ARM.__at_0x02FC                         0x000002fc   Section        4  startup_lpc17xx.o(.ARM.__at_0x02FC)
    .text                                    0x00000300   Section        0  system_lpc17xx.o(.text)
    .text                                    0x0000052c   Section        0  lib_button.o(.text)
    __NVIC_SetPriority                       0x0000052d   Thumb Code    32  lib_button.o(.text)
    __NVIC_EnableIRQ                         0x000005c9   Thumb Code    26  lib_button.o(.text)
    .text                                    0x000005f8   Section        0  irq_button.o(.text)
    __NVIC_DisableIRQ                        0x000005f9   Thumb Code    54  irq_button.o(.text)
    .text                                    0x000006c8   Section        0  irq_timer.o(.text)
    .text                                    0x00000b1c   Section        0  lib_timer.o(.text)
    __NVIC_EnableIRQ                         0x00000c41   Thumb Code    26  lib_timer.o(.text)
    .text                                    0x00000c68   Section        0  lib_joystick.o(.text)
    .text                                    0x00000cbc   Section        0  irq_rit.o(.text)
    __NVIC_EnableIRQ                         0x0000160f   Thumb Code    26  irq_rit.o(.text)
    .text                                    0x00001644   Section        0  lib_rit.o(.text)
    .text                                    0x000016d0   Section        0  lib_dac.o(.text)
    .text                                    0x00001708   Section        0  irq_adc.o(.text)
    .text                                    0x000017e0   Section        0  lib_adc.o(.text)
    .text                                    0x00001844   Section        0  touchpanel.o(.text)
    ADS7843_SPI_Init                         0x00001855   Thumb Code   128  touchpanel.o(.text)
    DelayUS                                  0x000018f3   Thumb Code    28  touchpanel.o(.text)
    WR_CMD                                   0x0000190f   Thumb Code    56  touchpanel.o(.text)
    RD_AD                                    0x00001947   Thumb Code    44  touchpanel.o(.text)
    .text                                    0x00002060   Section        0  glcd.o(.text)
    LCD_Configuration                        0x00002061   Thumb Code    20  glcd.o(.text)
    wait_delay                               0x00002075   Thumb Code    12  glcd.o(.text)
    LCD_SetCursor                            0x00002081   Thumb Code  1356  glcd.o(.text)
    delay_ms                                 0x000025cd   Thumb Code    30  glcd.o(.text)
    LCD_BGR2RGB                              0x00005ac9   Thumb Code    26  glcd.o(.text)
    .text                                    0x00006144   Section        0  asciilib.o(.text)
    .text                                    0x00006164   Section        0  noretval__2sprintf.o(.text)
    .text                                    0x0000618c   Section        0  __printf.o(.text)
    .text                                    0x000061f4   Section        0  _printf_str.o(.text)
    .text                                    0x00006248   Section        0  _printf_dec.o(.text)
    .text                                    0x000062c0   Section      138  rt_memcpy_v6.o(.text)
    .text                                    0x0000634a   Section      100  rt_memcpy_w.o(.text)
    .text                                    0x000063ae   Section       78  rt_memclr_w.o(.text)
    .text                                    0x000063fc   Section        0  _printf_intcommon.o(.text)
    .text                                    0x000064b0   Section        0  _printf_char_common.o(.text)
    _printf_input_char                       0x000064b1   Thumb Code    10  _printf_char_common.o(.text)
    .text                                    0x000064e0   Section        0  _printf_char.o(.text)
    .text                                    0x0000650c   Section       74  sys_stackheap_outer.o(.text)
    .text                                    0x00006556   Section        0  exit.o(.text)
    .text                                    0x00006568   Section        8  libspace.o(.text)
    .text                                    0x00006570   Section        0  sys_exit.o(.text)
    x$fpl$dadd                               0x0000657c   Section      336  daddsub_clz.o(x$fpl$dadd)
    _dadd1                                   0x0000658d   Thumb Code     0  daddsub_clz.o(x$fpl$dadd)
    x$fpl$dcmpinf                            0x000066cc   Section       24  dcmpi.o(x$fpl$dcmpinf)
    x$fpl$ddiv                               0x000066e4   Section      688  ddiv.o(x$fpl$ddiv)
    ddiv_entry                               0x000066eb   Thumb Code     0  ddiv.o(x$fpl$ddiv)
    x$fpl$deqf                               0x00006994   Section      120  deqf.o(x$fpl$deqf)
    x$fpl$dfix                               0x00006a0c   Section       94  dfix.o(x$fpl$dfix)
    x$fpl$dfixu                              0x00006a6c   Section       90  dfixu.o(x$fpl$dfixu)
    x$fpl$dflt                               0x00006ac6   Section       46  dflt_clz.o(x$fpl$dflt)
    x$fpl$dfltu                              0x00006af4   Section       38  dflt_clz.o(x$fpl$dfltu)
    x$fpl$dmul                               0x00006b1c   Section      340  dmul.o(x$fpl$dmul)
    x$fpl$dnaninf                            0x00006c70   Section      156  dnaninf.o(x$fpl$dnaninf)
    x$fpl$dretinf                            0x00006d0c   Section       12  dretinf.o(x$fpl$dretinf)
    x$fpl$drsb                               0x00006d18   Section       22  daddsub_clz.o(x$fpl$drsb)
    x$fpl$dsub                               0x00006d30   Section      468  daddsub_clz.o(x$fpl$dsub)
    _dsub1                                   0x00006d41   Thumb Code     0  daddsub_clz.o(x$fpl$dsub)
    x$fpl$f2d                                0x00006f04   Section       86  f2d.o(x$fpl$f2d)
    x$fpl$fadd                               0x00006f5c   Section      196  faddsub_clz.o(x$fpl$fadd)
    _fadd1                                   0x00006f6b   Thumb Code     0  faddsub_clz.o(x$fpl$fadd)
    x$fpl$fcmpinf                            0x00007020   Section       24  fcmpi.o(x$fpl$fcmpinf)
    x$fpl$feqf                               0x00007038   Section      104  feqf.o(x$fpl$feqf)
    x$fpl$fleqf                              0x000070a0   Section      104  fleqf.o(x$fpl$fleqf)
    x$fpl$fmul                               0x00007108   Section      258  fmul.o(x$fpl$fmul)
    x$fpl$fnaninf                            0x0000720a   Section      140  fnaninf.o(x$fpl$fnaninf)
    x$fpl$fretinf                            0x00007296   Section       10  fretinf.o(x$fpl$fretinf)
    x$fpl$frleqf                             0x000072a0   Section       98  frleqf.o(x$fpl$frleqf)
    x$fpl$fsub                               0x00007304   Section      234  faddsub_clz.o(x$fpl$fsub)
    _fsub1                                   0x00007313   Thumb Code     0  faddsub_clz.o(x$fpl$fsub)
    .constdata                               0x000073f0   Section       32  funct_led.o(.constdata)
    .constdata                               0x00007410   Section       16  irq_rit.o(.constdata)
    .constdata                               0x00007420   Section       32  irq_adc.o(.constdata)
    .constdata                               0x00007440   Section     1520  asciilib.o(.constdata)
    AsciiLib                                 0x00007440   Data        1520  asciilib.o(.constdata)
    STACK                                    0x10000000   Section      512  startup_lpc17xx.o(STACK)
    Stack_Mem                                0x10000000   Data         512  startup_lpc17xx.o(STACK)
    __initial_sp                             0x10000200   Data           0  startup_lpc17xx.o(STACK)
    .data                                    0x2007c000   Section        4  system_lpc17xx.o(.data)
    .data                                    0x2007c004   Section        1  lib_led.o(.data)
    .data                                    0x2007c008   Section      156  irq_timer.o(.data)
    ticks                                    0x2007c0a0   Data           4  irq_timer.o(.data)
    .data                                    0x2007c0a4   Section       76  irq_rit.o(.data)
    selectUP                                 0x2007c0e8   Data           4  irq_rit.o(.data)
    selectDOWN                               0x2007c0ec   Data           4  irq_rit.o(.data)
    .data                                    0x2007c0f0   Section        8  irq_adc.o(.data)
    .data                                    0x2007c0f8   Section       20  touchpanel.o(.data)
    screen                                   0x2007c108   Data           4  touchpanel.o(.data)
    .data                                    0x2007c10c   Section        1  glcd.o(.data)
    LCD_Code                                 0x2007c10c   Data           1  glcd.o(.data)
    .bss                                     0x2007c110   Section       20  irq_timer.o(.bss)
    .bss                                     0x2007c128   Section       68  touchpanel.o(.bss)
    .bss                                     0x2007c16c   Section       96  libspace.o(.bss)
    HEAP                                     0x2007c1d0   Section        0  startup_lpc17xx.o(HEAP)
    Heap_Mem                                 0x2007c1d0   Data           0  startup_lpc17xx.o(HEAP)

    Global Symbols

    Symbol Name                              Value     Ov Type        Size  Object(Section)

    BuildAttributes$$THM_ISAv4$P$D$K$B$S$PE$A:L22UL41UL21$X:L11$S22US41US21$IEEE1$IW$USESV6$~STKCKD$USESV7$~SHL$OSPACE$ROPI$EBA8$UX$STANDARDLIB$REQ8$PRES8$EABIv2 0x00000000   Number         0  anon$$obj.o ABSOLUTE
    __ARM_use_no_argv                        0x00000000   Number         0  sample.o ABSOLUTE
    __Vectors                                0x00000000   Data           4  startup_lpc17xx.o(RESET)
    __ARM_exceptions_init                     - Undefined Weak Reference
    __alloca_initialize                       - Undefined Weak Reference
    __arm_preinit_                            - Undefined Weak Reference
    __cpp_initialize__aeabi_                  - Undefined Weak Reference
    __cxa_finalize                            - Undefined Weak Reference
    __rt_locale                               - Undefined Weak Reference
    __sigvec_lookup                           - Undefined Weak Reference
    _atexit_init                              - Undefined Weak Reference
    _call_atexit_fns                          - Undefined Weak Reference
    _clock_init                               - Undefined Weak Reference
    _fp_trap_init                             - Undefined Weak Reference
    _fp_trap_shutdown                         - Undefined Weak Reference
    _get_lc_collate                           - Undefined Weak Reference
    _get_lc_ctype                             - Undefined Weak Reference
    _get_lc_monetary                          - Undefined Weak Reference
    _get_lc_numeric                           - Undefined Weak Reference
    _get_lc_time                              - Undefined Weak Reference
    _getenv_init                              - Undefined Weak Reference
    _handle_redirection                       - Undefined Weak Reference
    _init_alloc                               - Undefined Weak Reference
    _init_user_alloc                          - Undefined Weak Reference
    _initio                                   - Undefined Weak Reference
    _printf_mbtowc                            - Undefined Weak Reference
    _printf_post_padding                      - Undefined Weak Reference
    _printf_pre_padding                       - Undefined Weak Reference
    _printf_truncate_signed                   - Undefined Weak Reference
    _printf_truncate_unsigned                 - Undefined Weak Reference
    _rand_init                                - Undefined Weak Reference
    _signal_finish                            - Undefined Weak Reference
    _signal_init                              - Undefined Weak Reference
    _terminate_alloc                          - Undefined Weak Reference
    _terminate_user_alloc                     - Undefined Weak Reference
    _terminateio                              - Undefined Weak Reference
    __main                                   0x000000cd   Thumb Code     8  __main.o(!!!main)
    __scatterload                            0x000000d5   Thumb Code     0  __scatter.o(!!!scatter)
    __scatterload_rt2                        0x000000d5   Thumb Code    44  __scatter.o(!!!scatter)
    __scatterload_rt2_thumb_only             0x000000d5   Thumb Code     0  __scatter.o(!!!scatter)
    __scatterload_null                       0x000000e3   Thumb Code     0  __scatter.o(!!!scatter)
    __scatterload_copy                       0x00000109   Thumb Code    26  __scatter_copy.o(!!handler_copy)
    __scatterload_zeroinit                   0x00000125   Thumb Code    28  __scatter_zi.o(!!handler_zi)
    _printf_d                                0x00000141   Thumb Code     0  _printf_d.o(.ARM.Collect$$_printf_percent$$00000009)
    _printf_percent                          0x00000141   Thumb Code     0  _printf_percent.o(.ARM.Collect$$_printf_percent$$00000000)
    _printf_c                                0x00000147   Thumb Code     0  _printf_c.o(.ARM.Collect$$_printf_percent$$00000013)
    _printf_percent_end                      0x0000014d   Thumb Code     0  _printf_percent_end.o(.ARM.Collect$$_printf_percent$$00000017)
    __rt_lib_init                            0x00000151   Thumb Code     0  libinit.o(.ARM.Collect$$libinit$$00000000)
    __rt_lib_init_alloca_1                   0x00000153   Thumb Code     0  libinit2.o(.ARM.Collect$$libinit$$0000002E)
    __rt_lib_init_argv_1                     0x00000153   Thumb Code     0  libinit2.o(.ARM.Collect$$libinit$$0000002C)
    __rt_lib_init_atexit_1                   0x00000153   Thumb Code     0  libinit2.o(.ARM.Collect$$libinit$$0000001B)
    __rt_lib_init_clock_1                    0x00000153   Thumb Code     0  libinit2.o(.ARM.Collect$$libinit$$00000021)
    __rt_lib_init_cpp_1                      0x00000153   Thumb Code     0  libinit2.o(.ARM.Collect$$libinit$$00000032)
    __rt_lib_init_exceptions_1               0x00000153   Thumb Code     0  libinit2.o(.ARM.Collect$$libinit$$00000030)
    __rt_lib_init_fp_1                       0x00000153   Thumb Code     0  libinit2.o(.ARM.Collect$$libinit$$00000002)
    __rt_lib_init_fp_trap_1                  0x00000153   Thumb Code     0  libinit2.o(.ARM.Collect$$libinit$$0000001F)
    __rt_lib_init_getenv_1                   0x00000153   Thumb Code     0  libinit2.o(.ARM.Collect$$libinit$$00000023)
    __rt_lib_init_heap_1                     0x00000153   Thumb Code     0  libinit2.o(.ARM.Collect$$libinit$$0000000A)
    __rt_lib_init_lc_collate_1               0x00000153   Thumb Code     0  libinit2.o(.ARM.Collect$$libinit$$00000011)
    __rt_lib_init_lc_ctype_1                 0x00000153   Thumb Code     0  libinit2.o(.ARM.Collect$$libinit$$00000013)
    __rt_lib_init_lc_monetary_1              0x00000153   Thumb Code     0  libinit2.o(.ARM.Collect$$libinit$$00000015)
    __rt_lib_init_lc_numeric_1               0x00000153   Thumb Code     0  libinit2.o(.ARM.Collect$$libinit$$00000017)
    __rt_lib_init_lc_time_1                  0x00000153   Thumb Code     0  libinit2.o(.ARM.Collect$$libinit$$00000019)
    __rt_lib_init_preinit_1                  0x00000153   Thumb Code     0  libinit2.o(.ARM.Collect$$libinit$$00000004)
    __rt_lib_init_rand_1                     0x00000153   Thumb Code     0  libinit2.o(.ARM.Collect$$libinit$$0000000E)
    __rt_lib_init_return                     0x00000153   Thumb Code     0  libinit2.o(.ARM.Collect$$libinit$$00000033)
    __rt_lib_init_signal_1                   0x00000153   Thumb Code     0  libinit2.o(.ARM.Collect$$libinit$$0000001D)
    __rt_lib_init_stdio_1                    0x00000153   Thumb Code     0  libinit2.o(.ARM.Collect$$libinit$$00000025)
    __rt_lib_init_user_alloc_1               0x00000153   Thumb Code     0  libinit2.o(.ARM.Collect$$libinit$$0000000C)
    __rt_lib_shutdown                        0x00000155   Thumb Code     0  libshutdown.o(.ARM.Collect$$libshutdown$$00000000)
    __rt_lib_shutdown_cpp_1                  0x00000157   Thumb Code     0  libshutdown2.o(.ARM.Collect$$libshutdown$$00000002)
    __rt_lib_shutdown_fp_trap_1              0x00000157   Thumb Code     0  libshutdown2.o(.ARM.Collect$$libshutdown$$00000007)
    __rt_lib_shutdown_heap_1                 0x00000157   Thumb Code     0  libshutdown2.o(.ARM.Collect$$libshutdown$$0000000F)
    __rt_lib_shutdown_return                 0x00000157   Thumb Code     0  libshutdown2.o(.ARM.Collect$$libshutdown$$00000010)
    __rt_lib_shutdown_signal_1               0x00000157   Thumb Code     0  libshutdown2.o(.ARM.Collect$$libshutdown$$0000000A)
    __rt_lib_shutdown_stdio_1                0x00000157   Thumb Code     0  libshutdown2.o(.ARM.Collect$$libshutdown$$00000004)
    __rt_lib_shutdown_user_alloc_1           0x00000157   Thumb Code     0  libshutdown2.o(.ARM.Collect$$libshutdown$$0000000C)
    __rt_entry                               0x00000159   Thumb Code     0  __rtentry.o(.ARM.Collect$$rtentry$$00000000)
    __rt_entry_presh_1                       0x00000159   Thumb Code     0  __rtentry2.o(.ARM.Collect$$rtentry$$00000002)
    __rt_entry_sh                            0x00000159   Thumb Code     0  __rtentry4.o(.ARM.Collect$$rtentry$$00000004)
    __rt_entry_li                            0x0000015f   Thumb Code     0  __rtentry2.o(.ARM.Collect$$rtentry$$0000000A)
    __rt_entry_postsh_1                      0x0000015f   Thumb Code     0  __rtentry2.o(.ARM.Collect$$rtentry$$00000009)
    __rt_entry_main                          0x00000163   Thumb Code     0  __rtentry2.o(.ARM.Collect$$rtentry$$0000000D)
    __rt_entry_postli_1                      0x00000163   Thumb Code     0  __rtentry2.o(.ARM.Collect$$rtentry$$0000000C)
    __rt_exit                                0x0000016b   Thumb Code     0  rtexit.o(.ARM.Collect$$rtexit$$00000000)
    __rt_exit_ls                             0x0000016d   Thumb Code     0  rtexit2.o(.ARM.Collect$$rtexit$$00000003)
    __rt_exit_prels_1                        0x0000016d   Thumb Code     0  rtexit2.o(.ARM.Collect$$rtexit$$00000002)
    __rt_exit_exit                           0x00000171   Thumb Code     0  rtexit2.o(.ARM.Collect$$rtexit$$00000004)
    Reset_Handler                            0x00000179   Thumb Code     4  startup_lpc17xx.o(.text)
    NMI_Handler                              0x0000017d   Thumb Code     2  startup_lpc17xx.o(.text)
    HardFault_Handler                        0x0000017f   Thumb Code     2  startup_lpc17xx.o(.text)
    MemManage_Handler                        0x00000181   Thumb Code     2  startup_lpc17xx.o(.text)
    BusFault_Handler                         0x00000183   Thumb Code     2  startup_lpc17xx.o(.text)
    UsageFault_Handler                       0x00000185   Thumb Code     2  startup_lpc17xx.o(.text)
    SVC_Handler                              0x00000187   Thumb Code     2  startup_lpc17xx.o(.text)
    DebugMon_Handler                         0x00000189   Thumb Code     2  startup_lpc17xx.o(.text)
    PendSV_Handler                           0x0000018b   Thumb Code     2  startup_lpc17xx.o(.text)
    SysTick_Handler                          0x0000018d   Thumb Code     2  startup_lpc17xx.o(.text)
    BOD_IRQHandler                           0x0000018f   Thumb Code     0  startup_lpc17xx.o(.text)
    CANActivity_IRQHandler                   0x0000018f   Thumb Code     0  startup_lpc17xx.o(.text)
    CAN_IRQHandler                           0x0000018f   Thumb Code     0  startup_lpc17xx.o(.text)
    DMA_IRQHandler                           0x0000018f   Thumb Code     0  startup_lpc17xx.o(.text)
    EINT3_IRQHandler                         0x0000018f   Thumb Code     0  startup_lpc17xx.o(.text)
    ENET_IRQHandler                          0x0000018f   Thumb Code     0  startup_lpc17xx.o(.text)
    I2C0_IRQHandler                          0x0000018f   Thumb Code     0  startup_lpc17xx.o(.text)
    I2C1_IRQHandler                          0x0000018f   Thumb Code     0  startup_lpc17xx.o(.text)
    I2C2_IRQHandler                          0x0000018f   Thumb Code     0  startup_lpc17xx.o(.text)
    I2S_IRQHandler                           0x0000018f   Thumb Code     0  startup_lpc17xx.o(.text)
    MCPWM_IRQHandler                         0x0000018f   Thumb Code     0  startup_lpc17xx.o(.text)
    PLL0_IRQHandler                          0x0000018f   Thumb Code     0  startup_lpc17xx.o(.text)
    PLL1_IRQHandler                          0x0000018f   Thumb Code     0  startup_lpc17xx.o(.text)
    PWM1_IRQHandler                          0x0000018f   Thumb Code     0  startup_lpc17xx.o(.text)
    QEI_IRQHandler                           0x0000018f   Thumb Code     0  startup_lpc17xx.o(.text)
    RTC_IRQHandler                           0x0000018f   Thumb Code     0  startup_lpc17xx.o(.text)
    SPI_IRQHandler                           0x0000018f   Thumb Code     0  startup_lpc17xx.o(.text)
    SSP0_IRQHandler                          0x0000018f   Thumb Code     0  startup_lpc17xx.o(.text)
    SSP1_IRQHandler                          0x0000018f   Thumb Code     0  startup_lpc17xx.o(.text)
    UART0_IRQHandler                         0x0000018f   Thumb Code     0  startup_lpc17xx.o(.text)
    UART1_IRQHandler                         0x0000018f   Thumb Code     0  startup_lpc17xx.o(.text)
    UART2_IRQHandler                         0x0000018f   Thumb Code     0  startup_lpc17xx.o(.text)
    UART3_IRQHandler                         0x0000018f   Thumb Code     0  startup_lpc17xx.o(.text)
    USBActivity_IRQHandler                   0x0000018f   Thumb Code     0  startup_lpc17xx.o(.text)
    USB_IRQHandler                           0x0000018f   Thumb Code     0  startup_lpc17xx.o(.text)
    WDT_IRQHandler                           0x0000018f   Thumb Code     0  startup_lpc17xx.o(.text)
    __user_initial_stackheap                 0x00000191   Thumb Code     0  startup_lpc17xx.o(.text)
    main                                     0x000001ad   Thumb Code   128  sample.o(.text)
    LED_On                                   0x0000023d   Thumb Code    26  funct_led.o(.text)
    LED_Off                                  0x00000257   Thumb Code    26  funct_led.o(.text)
    LED_Out                                  0x00000271   Thumb Code    42  funct_led.o(.text)
    LED_init                                 0x000002a9   Thumb Code    36  lib_led.o(.text)
    LED_deinit                               0x000002cd   Thumb Code    14  lib_led.o(.text)
    __use_two_region_memory                  0x000002e9   Thumb Code     2  heapauxi.o(.text)
    __rt_heap_escrow$2region                 0x000002eb   Thumb Code     2  heapauxi.o(.text)
    __rt_heap_expand$2region                 0x000002ed   Thumb Code     2  heapauxi.o(.text)
    _sputc                                   0x000002ef   Thumb Code    10  _sputc.o(.text)
    __I$use$semihosting                      0x000002f9   Thumb Code     0  use_no_semi.o(.text)
    __use_no_semihosting_swi                 0x000002f9   Thumb Code     2  use_no_semi.o(.text)
    __I$use$fp                               0x000002fa   Number         0  usenofp.o(x$fpl$usenofp)
    __semihosting_library_function           0x000002fb   Thumb Code     0  indicate_semi.o(.text)
    SystemInit                               0x00000301   Thumb Code   526  system_lpc17xx.o(.text)
    BUTTON_init                              0x0000054d   Thumb Code   124  lib_button.o(.text)
    EINT0_IRQHandler                         0x0000062f   Thumb Code    42  irq_button.o(.text)
    EINT1_IRQHandler                         0x00000659   Thumb Code    42  irq_button.o(.text)
    EINT2_IRQHandler                         0x00000683   Thumb Code    42  irq_button.o(.text)
    TIMER0_IRQHandler                        0x000006c9   Thumb Code    78  irq_timer.o(.text)
    TIMER1_IRQHandler                        0x00000717   Thumb Code    38  irq_timer.o(.text)
    TIMER2_IRQHandler                        0x0000073d   Thumb Code    64  irq_timer.o(.text)
    TIMER3_IRQHandler                        0x0000077d   Thumb Code   742  irq_timer.o(.text)
    enable_timer                             0x00000b1d   Thumb Code    48  lib_timer.o(.text)
    disable_timer                            0x00000b4d   Thumb Code    56  lib_timer.o(.text)
    reset_timer                              0x00000b85   Thumb Code    82  lib_timer.o(.text)
    init_timer                               0x00000bd7   Thumb Code   106  lib_timer.o(.text)
    joystick_init                            0x00000c69   Thumb Code    74  lib_joystick.o(.text)
    alarm_leds                               0x00000cbd   Thumb Code    64  irq_rit.o(.text)
    status_led_alarm                         0x00000cfd   Thumb Code    58  irq_rit.o(.text)
    loudspeaker                              0x00000d37   Thumb Code    96  irq_rit.o(.text)
    status_led                               0x00000d97   Thumb Code    58  irq_rit.o(.text)
    RIT_IRQHandler                           0x00000dd1   Thumb Code  2110  irq_rit.o(.text)
    enable_RIT                               0x00001645   Thumb Code    14  lib_rit.o(.text)
    disable_RIT                              0x00001653   Thumb Code    14  lib_rit.o(.text)
    reset_RIT                                0x00001661   Thumb Code     8  lib_rit.o(.text)
    init_RIT                                 0x00001669   Thumb Code    90  lib_rit.o(.text)
    DAC_init                                 0x000016d1   Thumb Code    36  lib_dac.o(.text)
    DAC_convert                              0x000016f5   Thumb Code     6  lib_dac.o(.text)
    ADC_IRQHandler                           0x00001709   Thumb Code   170  irq_adc.o(.text)
    ADC_init                                 0x000017e1   Thumb Code    68  lib_adc.o(.text)
    ADC_start_conversion                     0x00001825   Thumb Code    14  lib_adc.o(.text)
    LPC17xx_SPI_SetSpeed                     0x00001845   Thumb Code    16  touchpanel.o(.text)
    TP_Init                                  0x000018d5   Thumb Code    30  touchpanel.o(.text)
    Read_X                                   0x00001973   Thumb Code    42  touchpanel.o(.text)
    Read_Y                                   0x0000199d   Thumb Code    42  touchpanel.o(.text)
    TP_GetAdXY                               0x000019c7   Thumb Code    34  touchpanel.o(.text)
    TP_DrawPoint                             0x000019e9   Thumb Code    20  touchpanel.o(.text)
    DrawCross                                0x000019fd   Thumb Code   356  touchpanel.o(.text)
    Read_Ads7846                             0x00001b61   Thumb Code   524  touchpanel.o(.text)
    setCalibrationMatrix                     0x00001d6d   Thumb Code   356  touchpanel.o(.text)
    getDisplayPoint                          0x00001ed1   Thumb Code   238  touchpanel.o(.text)
    TouchPanel_Calibrate                     0x00001fbf   Thumb Code   108  touchpanel.o(.text)
    LCD_Initialization                       0x000025eb   Thumb Code 12014  glcd.o(.text)
    LCD_Clear                                0x000054d9   Thumb Code  1520  glcd.o(.text)
    LCD_GetPoint                             0x00005ae3   Thumb Code   994  glcd.o(.text)
    LCD_SetPoint                             0x00005ec5   Thumb Code   206  glcd.o(.text)
    LCD_DrawLine                             0x00005f93   Thumb Code   250  glcd.o(.text)
    PutChar                                  0x0000608d   Thumb Code   100  glcd.o(.text)
    GUI_Text                                 0x000060f1   Thumb Code    80  glcd.o(.text)
    GetASCIICode                             0x00006145   Thumb Code    26  asciilib.o(.text)
    __2sprintf                               0x00006165   Thumb Code    34  noretval__2sprintf.o(.text)
    __printf                                 0x0000618d   Thumb Code   104  __printf.o(.text)
    _printf_str                              0x000061f5   Thumb Code    82  _printf_str.o(.text)
    _printf_int_dec                          0x00006249   Thumb Code   104  _printf_dec.o(.text)
    __aeabi_memcpy                           0x000062c1   Thumb Code     0  rt_memcpy_v6.o(.text)
    __rt_memcpy                              0x000062c1   Thumb Code   138  rt_memcpy_v6.o(.text)
    _memcpy_lastbytes                        0x00006327   Thumb Code     0  rt_memcpy_v6.o(.text)
    __aeabi_memcpy4                          0x0000634b   Thumb Code     0  rt_memcpy_w.o(.text)
    __aeabi_memcpy8                          0x0000634b   Thumb Code     0  rt_memcpy_w.o(.text)
    __rt_memcpy_w                            0x0000634b   Thumb Code   100  rt_memcpy_w.o(.text)
    _memcpy_lastbytes_aligned                0x00006393   Thumb Code     0  rt_memcpy_w.o(.text)
    __aeabi_memclr4                          0x000063af   Thumb Code     0  rt_memclr_w.o(.text)
    __aeabi_memclr8                          0x000063af   Thumb Code     0  rt_memclr_w.o(.text)
    __rt_memclr_w                            0x000063af   Thumb Code    78  rt_memclr_w.o(.text)
    _memset_w                                0x000063b3   Thumb Code     0  rt_memclr_w.o(.text)
    _printf_int_common                       0x000063fd   Thumb Code   178  _printf_intcommon.o(.text)
    _printf_char_common                      0x000064bb   Thumb Code    32  _printf_char_common.o(.text)
    _printf_cs_common                        0x000064e1   Thumb Code    20  _printf_char.o(.text)
    _printf_char                             0x000064f5   Thumb Code    16  _printf_char.o(.text)
    _printf_string                           0x00006505   Thumb Code     8  _printf_char.o(.text)
    __user_setup_stackheap                   0x0000650d   Thumb Code    74  sys_stackheap_outer.o(.text)
    exit                                     0x00006557   Thumb Code    18  exit.o(.text)
    __user_libspace                          0x00006569   Thumb Code     8  libspace.o(.text)
    __user_perproc_libspace                  0x00006569   Thumb Code     0  libspace.o(.text)
    __user_perthread_libspace                0x00006569   Thumb Code     0  libspace.o(.text)
    _sys_exit                                0x00006571   Thumb Code     8  sys_exit.o(.text)
    __aeabi_dadd                             0x0000657d   Thumb Code     0  daddsub_clz.o(x$fpl$dadd)
    _dadd                                    0x0000657d   Thumb Code   332  daddsub_clz.o(x$fpl$dadd)
    __fpl_dcmp_Inf                           0x000066cd   Thumb Code    24  dcmpi.o(x$fpl$dcmpinf)
    __aeabi_ddiv                             0x000066e5   Thumb Code     0  ddiv.o(x$fpl$ddiv)
    _ddiv                                    0x000066e5   Thumb Code   552  ddiv.o(x$fpl$ddiv)
    __aeabi_cdcmpeq                          0x00006995   Thumb Code     0  deqf.o(x$fpl$deqf)
    _dcmpeq                                  0x00006995   Thumb Code   120  deqf.o(x$fpl$deqf)
    __aeabi_d2iz                             0x00006a0d   Thumb Code     0  dfix.o(x$fpl$dfix)
    _dfix                                    0x00006a0d   Thumb Code    94  dfix.o(x$fpl$dfix)
    __aeabi_d2uiz                            0x00006a6d   Thumb Code     0  dfixu.o(x$fpl$dfixu)
    _dfixu                                   0x00006a6d   Thumb Code    90  dfixu.o(x$fpl$dfixu)
    __aeabi_i2d                              0x00006ac7   Thumb Code     0  dflt_clz.o(x$fpl$dflt)
    _dflt                                    0x00006ac7   Thumb Code    46  dflt_clz.o(x$fpl$dflt)
    __aeabi_ui2d                             0x00006af5   Thumb Code     0  dflt_clz.o(x$fpl$dfltu)
    _dfltu                                   0x00006af5   Thumb Code    38  dflt_clz.o(x$fpl$dfltu)
    __aeabi_dmul                             0x00006b1d   Thumb Code     0  dmul.o(x$fpl$dmul)
    _dmul                                    0x00006b1d   Thumb Code   332  dmul.o(x$fpl$dmul)
    __fpl_dnaninf                            0x00006c71   Thumb Code   156  dnaninf.o(x$fpl$dnaninf)
    __fpl_dretinf                            0x00006d0d   Thumb Code    12  dretinf.o(x$fpl$dretinf)
    __aeabi_drsub                            0x00006d19   Thumb Code     0  daddsub_clz.o(x$fpl$drsb)
    _drsb                                    0x00006d19   Thumb Code    22  daddsub_clz.o(x$fpl$drsb)
    __aeabi_dsub                             0x00006d31   Thumb Code     0  daddsub_clz.o(x$fpl$dsub)
    _dsub                                    0x00006d31   Thumb Code   464  daddsub_clz.o(x$fpl$dsub)
    __aeabi_f2d                              0x00006f05   Thumb Code     0  f2d.o(x$fpl$f2d)
    _f2d                                     0x00006f05   Thumb Code    86  f2d.o(x$fpl$f2d)
    __aeabi_fadd                             0x00006f5d   Thumb Code     0  faddsub_clz.o(x$fpl$fadd)
    _fadd                                    0x00006f5d   Thumb Code   196  faddsub_clz.o(x$fpl$fadd)
    __fpl_fcmp_Inf                           0x00007021   Thumb Code    24  fcmpi.o(x$fpl$fcmpinf)
    __aeabi_cfcmpeq                          0x00007039   Thumb Code     0  feqf.o(x$fpl$feqf)
    _fcmpeq                                  0x00007039   Thumb Code   104  feqf.o(x$fpl$feqf)
    __aeabi_cfcmple                          0x000070a1   Thumb Code     0  fleqf.o(x$fpl$fleqf)
    _fcmple                                  0x000070a1   Thumb Code   104  fleqf.o(x$fpl$fleqf)
    __fpl_fcmple_InfNaN                      0x000070f3   Thumb Code     0  fleqf.o(x$fpl$fleqf)
    __aeabi_fmul                             0x00007109   Thumb Code     0  fmul.o(x$fpl$fmul)
    _fmul                                    0x00007109   Thumb Code   258  fmul.o(x$fpl$fmul)
    __fpl_fnaninf                            0x0000720b   Thumb Code   140  fnaninf.o(x$fpl$fnaninf)
    __fpl_fretinf                            0x00007297   Thumb Code    10  fretinf.o(x$fpl$fretinf)
    __aeabi_cfrcmple                         0x000072a1   Thumb Code     0  frleqf.o(x$fpl$frleqf)
    _frcmple                                 0x000072a1   Thumb Code    98  frleqf.o(x$fpl$frleqf)
    __aeabi_fsub                             0x00007305   Thumb Code     0  faddsub_clz.o(x$fpl$fsub)
    _fsub                                    0x00007305   Thumb Code   234  faddsub_clz.o(x$fpl$fsub)
    led_mask                                 0x000073f0   Data          32  funct_led.o(.constdata)
    Region$$Table$$Base                      0x00007a30   Number         0  anon$$obj.o(Region$$Table)
    Region$$Table$$Limit                     0x00007a60   Number         0  anon$$obj.o(Region$$Table)
    SystemFrequency                          0x2007c000   Data           4  system_lpc17xx.o(.data)
    led_value                                0x2007c004   Data           1  lib_led.o(.data)
    i                                        0x2007c008   Data           4  irq_timer.o(.data)
    f                                        0x2007c00c   Data          32  irq_timer.o(.data)
    note                                     0x2007c02c   Data           8  irq_timer.o(.data)
    enable_screen                            0x2007c034   Data           4  irq_timer.o(.data)
    note1                                    0x2007c038   Data           4  irq_timer.o(.data)
    note2                                    0x2007c03c   Data           4  irq_timer.o(.data)
    select                                   0x2007c040   Data           4  irq_timer.o(.data)
    SinTable                                 0x2007c044   Data          90  irq_timer.o(.data)
    movement                                 0x2007c0a4   Data           4  irq_rit.o(.data)
    tot_time_movement                        0x2007c0a8   Data           4  irq_rit.o(.data)
    inactivity_joystick                      0x2007c0ac   Data           4  irq_rit.o(.data)
    arrived                                  0x2007c0b0   Data           4  irq_rit.o(.data)
    enable                                   0x2007c0b4   Data           4  irq_rit.o(.data)
    down                                     0x2007c0b8   Data           4  irq_rit.o(.data)
    down2                                    0x2007c0bc   Data           4  irq_rit.o(.data)
    down3                                    0x2007c0c0   Data           4  irq_rit.o(.data)
    led_blinking                             0x2007c0c4   Data           4  irq_rit.o(.data)
    alarm_case                               0x2007c0c8   Data           4  irq_rit.o(.data)
    emergency_case                           0x2007c0cc   Data           4  irq_rit.o(.data)
    counter_note                             0x2007c0d0   Data           4  irq_rit.o(.data)
    elevator_floor                           0x2007c0d4   Data           4  irq_rit.o(.data)
    reserved                                 0x2007c0d8   Data           4  irq_rit.o(.data)
    floor_prec                               0x2007c0dc   Data           4  irq_rit.o(.data)
    freq_notes                               0x2007c0e0   Data           8  irq_rit.o(.data)
    AD_current                               0x2007c0f0   Data           2  irq_adc.o(.data)
    AD_last                                  0x2007c0f2   Data           2  irq_adc.o(.data)
    value                                    0x2007c0f4   Data           4  irq_adc.o(.data)
    display                                  0x2007c0f8   Data           4  touchpanel.o(.data)
    DisplaySample                            0x2007c0fc   Data          12  touchpanel.o(.data)
    text_note1                               0x2007c110   Data          10  irq_timer.o(.bss)
    text_note2                               0x2007c11a   Data          10  irq_timer.o(.bss)
    matrix                                   0x2007c128   Data          56  touchpanel.o(.bss)
    ScreenSample                             0x2007c160   Data          12  touchpanel.o(.bss)
    __libspace_start                         0x2007c16c   Data          96  libspace.o(.bss)
    __temporary_stack_top$libspace           0x2007c1cc   Data           0  libspace.o(.bss)



==============================================================================

Memory Map of the image

  Image Entry point : 0x000000cd

  Load Region LR_IROM1 (Base: 0x00000000, Size: 0x00007b70, Max: 0x00080000, ABSOLUTE)

    Execution Region ER_IROM1 (Exec base: 0x00000000, Load base: 0x00000000, Size: 0x00007a60, Max: 0x00080000, ABSOLUTE)

    Exec Addr    Load Addr    Size         Type   Attr      Idx    E Section Name        Object

    0x00000000   0x00000000   0x000000cc   Data   RO            3    RESET               startup_lpc17xx.o
    0x000000cc   0x000000cc   0x00000008   Code   RO          697  * !!!main             c_w.l(__main.o)
    0x000000d4   0x000000d4   0x00000034   Code   RO          922    !!!scatter          c_w.l(__scatter.o)
    0x00000108   0x00000108   0x0000001a   Code   RO          924    !!handler_copy      c_w.l(__scatter_copy.o)
    0x00000122   0x00000122   0x00000002   PAD
    0x00000124   0x00000124   0x0000001c   Code   RO          926    !!handler_zi        c_w.l(__scatter_zi.o)
    0x00000140   0x00000140   0x00000000   Code   RO          688    .ARM.Collect$$_printf_percent$$00000000  c_w.l(_printf_percent.o)
    0x00000140   0x00000140   0x00000006   Code   RO          687    .ARM.Collect$$_printf_percent$$00000009  c_w.l(_printf_d.o)
    0x00000146   0x00000146   0x00000006   Code   RO          686    .ARM.Collect$$_printf_percent$$00000013  c_w.l(_printf_c.o)
    0x0000014c   0x0000014c   0x00000004   Code   RO          752    .ARM.Collect$$_printf_percent$$00000017  c_w.l(_printf_percent_end.o)
    0x00000150   0x00000150   0x00000002   Code   RO          792    .ARM.Collect$$libinit$$00000000  c_w.l(libinit.o)
    0x00000152   0x00000152   0x00000000   Code   RO          799    .ARM.Collect$$libinit$$00000002  c_w.l(libinit2.o)
    0x00000152   0x00000152   0x00000000   Code   RO          801    .ARM.Collect$$libinit$$00000004  c_w.l(libinit2.o)
    0x00000152   0x00000152   0x00000000   Code   RO          804    .ARM.Collect$$libinit$$0000000A  c_w.l(libinit2.o)
    0x00000152   0x00000152   0x00000000   Code   RO          806    .ARM.Collect$$libinit$$0000000C  c_w.l(libinit2.o)
    0x00000152   0x00000152   0x00000000   Code   RO          808    .ARM.Collect$$libinit$$0000000E  c_w.l(libinit2.o)
    0x00000152   0x00000152   0x00000000   Code   RO          811    .ARM.Collect$$libinit$$00000011  c_w.l(libinit2.o)
    0x00000152   0x00000152   0x00000000   Code   RO          813    .ARM.Collect$$libinit$$00000013  c_w.l(libinit2.o)
    0x00000152   0x00000152   0x00000000   Code   RO          815    .ARM.Collect$$libinit$$00000015  c_w.l(libinit2.o)
    0x00000152   0x00000152   0x00000000   Code   RO          817    .ARM.Collect$$libinit$$00000017  c_w.l(libinit2.o)
    0x00000152   0x00000152   0x00000000   Code   RO          819    .ARM.Collect$$libinit$$00000019  c_w.l(libinit2.o)
    0x00000152   0x00000152   0x00000000   Code   RO          821    .ARM.Collect$$libinit$$0000001B  c_w.l(libinit2.o)
    0x00000152   0x00000152   0x00000000   Code   RO          823    .ARM.Collect$$libinit$$0000001D  c_w.l(libinit2.o)
    0x00000152   0x00000152   0x00000000   Code   RO          825    .ARM.Collect$$libinit$$0000001F  c_w.l(libinit2.o)
    0x00000152   0x00000152   0x00000000   Code   RO          827    .ARM.Collect$$libinit$$00000021  c_w.l(libinit2.o)
    0x00000152   0x00000152   0x00000000   Code   RO          829    .ARM.Collect$$libinit$$00000023  c_w.l(libinit2.o)
    0x00000152   0x00000152   0x00000000   Code   RO          831    .ARM.Collect$$libinit$$00000025  c_w.l(libinit2.o)
    0x00000152   0x00000152   0x00000000   Code   RO          835    .ARM.Collect$$libinit$$0000002C  c_w.l(libinit2.o)
    0x00000152   0x00000152   0x00000000   Code   RO          837    .ARM.Collect$$libinit$$0000002E  c_w.l(libinit2.o)
    0x00000152   0x00000152   0x00000000   Code   RO          839    .ARM.Collect$$libinit$$00000030  c_w.l(libinit2.o)
    0x00000152   0x00000152   0x00000000   Code   RO          841    .ARM.Collect$$libinit$$00000032  c_w.l(libinit2.o)
    0x00000152   0x00000152   0x00000002   Code   RO          842    .ARM.Collect$$libinit$$00000033  c_w.l(libinit2.o)
    0x00000154   0x00000154   0x00000002   Code   RO          862    .ARM.Collect$$libshutdown$$00000000  c_w.l(libshutdown.o)
    0x00000156   0x00000156   0x00000000   Code   RO          875    .ARM.Collect$$libshutdown$$00000002  c_w.l(libshutdown2.o)
    0x00000156   0x00000156   0x00000000   Code   RO          877    .ARM.Collect$$libshutdown$$00000004  c_w.l(libshutdown2.o)
    0x00000156   0x00000156   0x00000000   Code   RO          880    .ARM.Collect$$libshutdown$$00000007  c_w.l(libshutdown2.o)
    0x00000156   0x00000156   0x00000000   Code   RO          883    .ARM.Collect$$libshutdown$$0000000A  c_w.l(libshutdown2.o)
    0x00000156   0x00000156   0x00000000   Code   RO          885    .ARM.Collect$$libshutdown$$0000000C  c_w.l(libshutdown2.o)
    0x00000156   0x00000156   0x00000000   Code   RO          888    .ARM.Collect$$libshutdown$$0000000F  c_w.l(libshutdown2.o)
    0x00000156   0x00000156   0x00000002   Code   RO          889    .ARM.Collect$$libshutdown$$00000010  c_w.l(libshutdown2.o)
    0x00000158   0x00000158   0x00000000   Code   RO          743    .ARM.Collect$$rtentry$$00000000  c_w.l(__rtentry.o)
    0x00000158   0x00000158   0x00000000   Code   RO          767    .ARM.Collect$$rtentry$$00000002  c_w.l(__rtentry2.o)
    0x00000158   0x00000158   0x00000006   Code   RO          779    .ARM.Collect$$rtentry$$00000004  c_w.l(__rtentry4.o)
    0x0000015e   0x0000015e   0x00000000   Code   RO          769    .ARM.Collect$$rtentry$$00000009  c_w.l(__rtentry2.o)
    0x0000015e   0x0000015e   0x00000004   Code   RO          770    .ARM.Collect$$rtentry$$0000000A  c_w.l(__rtentry2.o)
    0x00000162   0x00000162   0x00000000   Code   RO          772    .ARM.Collect$$rtentry$$0000000C  c_w.l(__rtentry2.o)
    0x00000162   0x00000162   0x00000008   Code   RO          773    .ARM.Collect$$rtentry$$0000000D  c_w.l(__rtentry2.o)
    0x0000016a   0x0000016a   0x00000002   Code   RO          796    .ARM.Collect$$rtexit$$00000000  c_w.l(rtexit.o)
    0x0000016c   0x0000016c   0x00000000   Code   RO          844    .ARM.Collect$$rtexit$$00000002  c_w.l(rtexit2.o)
    0x0000016c   0x0000016c   0x00000004   Code   RO          845    .ARM.Collect$$rtexit$$00000003  c_w.l(rtexit2.o)
    0x00000170   0x00000170   0x00000006   Code   RO          846    .ARM.Collect$$rtexit$$00000004  c_w.l(rtexit2.o)
    0x00000176   0x00000176   0x00000002   PAD
    0x00000178   0x00000178   0x00000034   Code   RO            5    .text               startup_lpc17xx.o
    0x000001ac   0x000001ac   0x00000090   Code   RO           16    .text               sample.o
    0x0000023c   0x0000023c   0x0000006c   Code   RO          140    .text               funct_led.o
    0x000002a8   0x000002a8   0x00000040   Code   RO          175    .text               lib_led.o
    0x000002e8   0x000002e8   0x00000006   Code   RO          695    .text               c_w.l(heapauxi.o)
    0x000002ee   0x000002ee   0x0000000a   Code   RO          748    .text               c_w.l(_sputc.o)
    0x000002f8   0x000002f8   0x00000002   Code   RO          865    .text               c_w.l(use_no_semi.o)
    0x000002fa   0x000002fa   0x00000000   Code   RO          867    .text               c_w.l(indicate_semi.o)
    0x000002fa   0x000002fa   0x00000000   Code   RO          765    x$fpl$usenofp       fz_ws.l(usenofp.o)
    0x000002fa   0x000002fa   0x00000002   PAD
    0x000002fc   0x000002fc   0x00000004   Code   RO            4    .ARM.__at_0x02FC    startup_lpc17xx.o
    0x00000300   0x00000300   0x0000022c   Code   RO          106    .text               system_lpc17xx.o
    0x0000052c   0x0000052c   0x000000cc   Code   RO          202    .text               lib_button.o
    0x000005f8   0x000005f8   0x000000d0   Code   RO          230    .text               irq_button.o
    0x000006c8   0x000006c8   0x00000454   Code   RO          267    .text               irq_timer.o
    0x00000b1c   0x00000b1c   0x0000014c   Code   RO          323    .text               lib_timer.o
    0x00000c68   0x00000c68   0x00000054   Code   RO          379    .text               lib_joystick.o
    0x00000cbc   0x00000cbc   0x00000988   Code   RO          403    .text               irq_rit.o
    0x00001644   0x00001644   0x0000008c   Code   RO          438    .text               lib_rit.o
    0x000016d0   0x000016d0   0x00000038   Code   RO          466    .text               lib_dac.o
    0x00001708   0x00001708   0x000000d8   Code   RO          493    .text               irq_adc.o
    0x000017e0   0x000017e0   0x00000064   Code   RO          536    .text               lib_adc.o
    0x00001844   0x00001844   0x0000081c   Code   RO          560    .text               touchpanel.o
    0x00002060   0x00002060   0x000040e4   Code   RO          611    .text               glcd.o
    0x00006144   0x00006144   0x00000020   Code   RO          640    .text               asciilib.o
    0x00006164   0x00006164   0x00000028   Code   RO          658    .text               c_w.l(noretval__2sprintf.o)
    0x0000618c   0x0000618c   0x00000068   Code   RO          660    .text               c_w.l(__printf.o)
    0x000061f4   0x000061f4   0x00000052   Code   RO          662    .text               c_w.l(_printf_str.o)
    0x00006246   0x00006246   0x00000002   PAD
    0x00006248   0x00006248   0x00000078   Code   RO          664    .text               c_w.l(_printf_dec.o)
    0x000062c0   0x000062c0   0x0000008a   Code   RO          689    .text               c_w.l(rt_memcpy_v6.o)
    0x0000634a   0x0000634a   0x00000064   Code   RO          691    .text               c_w.l(rt_memcpy_w.o)
    0x000063ae   0x000063ae   0x0000004e   Code   RO          693    .text               c_w.l(rt_memclr_w.o)
    0x000063fc   0x000063fc   0x000000b2   Code   RO          744    .text               c_w.l(_printf_intcommon.o)
    0x000064ae   0x000064ae   0x00000002   PAD
    0x000064b0   0x000064b0   0x00000030   Code   RO          746    .text               c_w.l(_printf_char_common.o)
    0x000064e0   0x000064e0   0x0000002c   Code   RO          750    .text               c_w.l(_printf_char.o)
    0x0000650c   0x0000650c   0x0000004a   Code   RO          783    .text               c_w.l(sys_stackheap_outer.o)
    0x00006556   0x00006556   0x00000012   Code   RO          785    .text               c_w.l(exit.o)
    0x00006568   0x00006568   0x00000008   Code   RO          793    .text               c_w.l(libspace.o)
    0x00006570   0x00006570   0x0000000c   Code   RO          854    .text               c_w.l(sys_exit.o)
    0x0000657c   0x0000657c   0x00000150   Code   RO          699    x$fpl$dadd          fz_ws.l(daddsub_clz.o)
    0x000066cc   0x000066cc   0x00000018   Code   RO          753    x$fpl$dcmpinf       fz_ws.l(dcmpi.o)
    0x000066e4   0x000066e4   0x000002b0   Code   RO          706    x$fpl$ddiv          fz_ws.l(ddiv.o)
    0x00006994   0x00006994   0x00000078   Code   RO          709    x$fpl$deqf          fz_ws.l(deqf.o)
    0x00006a0c   0x00006a0c   0x0000005e   Code   RO          711    x$fpl$dfix          fz_ws.l(dfix.o)
    0x00006a6a   0x00006a6a   0x00000002   PAD
    0x00006a6c   0x00006a6c   0x0000005a   Code   RO          715    x$fpl$dfixu         fz_ws.l(dfixu.o)
    0x00006ac6   0x00006ac6   0x0000002e   Code   RO          720    x$fpl$dflt          fz_ws.l(dflt_clz.o)
    0x00006af4   0x00006af4   0x00000026   Code   RO          719    x$fpl$dfltu         fz_ws.l(dflt_clz.o)
    0x00006b1a   0x00006b1a   0x00000002   PAD
    0x00006b1c   0x00006b1c   0x00000154   Code   RO          725    x$fpl$dmul          fz_ws.l(dmul.o)
    0x00006c70   0x00006c70   0x0000009c   Code   RO          755    x$fpl$dnaninf       fz_ws.l(dnaninf.o)
    0x00006d0c   0x00006d0c   0x0000000c   Code   RO          757    x$fpl$dretinf       fz_ws.l(dretinf.o)
    0x00006d18   0x00006d18   0x00000016   Code   RO          700    x$fpl$drsb          fz_ws.l(daddsub_clz.o)
    0x00006d2e   0x00006d2e   0x00000002   PAD
    0x00006d30   0x00006d30   0x000001d4   Code   RO          701    x$fpl$dsub          fz_ws.l(daddsub_clz.o)
    0x00006f04   0x00006f04   0x00000056   Code   RO          727    x$fpl$f2d           fz_ws.l(f2d.o)
    0x00006f5a   0x00006f5a   0x00000002   PAD
    0x00006f5c   0x00006f5c   0x000000c4   Code   RO          729    x$fpl$fadd          fz_ws.l(faddsub_clz.o)
    0x00007020   0x00007020   0x00000018   Code   RO          759    x$fpl$fcmpinf       fz_ws.l(fcmpi.o)
    0x00007038   0x00007038   0x00000068   Code   RO          735    x$fpl$feqf          fz_ws.l(feqf.o)
    0x000070a0   0x000070a0   0x00000068   Code   RO          737    x$fpl$fleqf         fz_ws.l(fleqf.o)
    0x00007108   0x00007108   0x00000102   Code   RO          739    x$fpl$fmul          fz_ws.l(fmul.o)
    0x0000720a   0x0000720a   0x0000008c   Code   RO          761    x$fpl$fnaninf       fz_ws.l(fnaninf.o)
    0x00007296   0x00007296   0x0000000a   Code   RO          763    x$fpl$fretinf       fz_ws.l(fretinf.o)
    0x000072a0   0x000072a0   0x00000062   Code   RO          741    x$fpl$frleqf        fz_ws.l(frleqf.o)
    0x00007302   0x00007302   0x00000002   PAD
    0x00007304   0x00007304   0x000000ea   Code   RO          731    x$fpl$fsub          fz_ws.l(faddsub_clz.o)
    0x000073ee   0x000073ee   0x00000002   PAD
    0x000073f0   0x000073f0   0x00000020   Data   RO          141    .constdata          funct_led.o
    0x00007410   0x00007410   0x00000010   Data   RO          404    .constdata          irq_rit.o
    0x00007420   0x00007420   0x00000020   Data   RO          495    .constdata          irq_adc.o
    0x00007440   0x00007440   0x000005f0   Data   RO          641    .constdata          asciilib.o
    0x00007a30   0x00007a30   0x00000030   Data   RO          920    Region$$Table       anon$$obj.o


    Execution Region RW_IRAM1 (Exec base: 0x10000000, Load base: 0x00007a60, Size: 0x00000200, Max: 0x00008000, ABSOLUTE)

    Exec Addr    Load Addr    Size         Type   Attr      Idx    E Section Name        Object

    0x10000000        -       0x00000200   Zero   RW            1    STACK               startup_lpc17xx.o


    Execution Region RW_IRAM2 (Exec base: 0x2007c000, Load base: 0x00007a60, Size: 0x000001d0, Max: 0x00008000, ABSOLUTE)

    Exec Addr    Load Addr    Size         Type   Attr      Idx    E Section Name        Object

    0x2007c000   0x00007a60   0x00000004   Data   RW          107    .data               system_lpc17xx.o
    0x2007c004   0x00007a64   0x00000001   Data   RW          176    .data               lib_led.o
    0x2007c005   0x00007a65   0x00000003   PAD
    0x2007c008   0x00007a68   0x0000009c   Data   RW          269    .data               irq_timer.o
    0x2007c0a4   0x00007b04   0x0000004c   Data   RW          405    .data               irq_rit.o
    0x2007c0f0   0x00007b50   0x00000008   Data   RW          496    .data               irq_adc.o
    0x2007c0f8   0x00007b58   0x00000014   Data   RW          562    .data               touchpanel.o
    0x2007c10c   0x00007b6c   0x00000001   Data   RW          612    .data               glcd.o
    0x2007c10d   0x00007b6d   0x00000003   PAD
    0x2007c110        -       0x00000014   Zero   RW          268    .bss                irq_timer.o
    0x2007c124   0x00007b6d   0x00000004   PAD
    0x2007c128        -       0x00000044   Zero   RW          561    .bss                touchpanel.o
    0x2007c16c        -       0x00000060   Zero   RW          794    .bss                c_w.l(libspace.o)
    0x2007c1cc   0x00007b6d   0x00000004   PAD
    0x2007c1d0        -       0x00000000   Zero   RW            2    HEAP                startup_lpc17xx.o


==============================================================================

Image component sizes


      Code (inc. data)   RO Data    RW Data    ZI Data      Debug   Object Name

        32          6       1520          0          0       1123   asciilib.o
       108         14         32          0          0      18336   funct_led.o
     16612        104          0          1          0      40203   glcd.o
       216         46         32          8          0       1581   irq_adc.o
       208         28          0          0          0       1001   irq_button.o
      2440        204         16         76          0       4103   irq_rit.o
      1108        186          0        156         20       2490   irq_timer.o
       100         18          0          0          0        740   lib_adc.o
       204         22          0          0          0      27297   lib_button.o
        56         14          0          0          0        567   lib_dac.o
        84         10          0          0          0        476   lib_joystick.o
        64         14          0          1          0        794   lib_led.o
       140         14          0          0          0       1000   lib_rit.o
       332         14          0          0          0      27995   lib_timer.o
       144         16          0          0          0       5043   sample.o
        56         22        204          0        512       1072   startup_lpc17xx.o
       556         30          0          4          0        879   system_lpc17xx.o
      2076         76          0         20         68       5994   touchpanel.o

    ----------------------------------------------------------------------
     24536        838       1852        272        604     140694   Object Totals
         0          0         48          0          0          0   (incl. Generated)
         0          0          0          6          4          0   (incl. Padding)

    ----------------------------------------------------------------------

      Code (inc. data)   RO Data    RW Data    ZI Data      Debug   Library Member Name

         8          0          0          0          0         68   __main.o
       104          0          0          0          0         84   __printf.o
         0          0          0          0          0          0   __rtentry.o
        12          0          0          0          0          0   __rtentry2.o
         6          0          0          0          0          0   __rtentry4.o
        52          8          0          0          0          0   __scatter.o
        26          0          0          0          0          0   __scatter_copy.o
        28          0          0          0          0          0   __scatter_zi.o
         6          0          0          0          0          0   _printf_c.o
        44          0          0          0          0        108   _printf_char.o
        48          6          0          0          0         96   _printf_char_common.o
         6          0          0          0          0          0   _printf_d.o
       120         16          0          0          0         92   _printf_dec.o
       178          0          0          0          0         88   _printf_intcommon.o
         0          0          0          0          0          0   _printf_percent.o
         4          0          0          0          0          0   _printf_percent_end.o
        82          0          0          0          0         80   _printf_str.o
        10          0          0          0          0         68   _sputc.o
        18          0          0          0          0         80   exit.o
         6          0          0          0          0        152   heapauxi.o
         0          0          0          0          0          0   indicate_semi.o
         2          0          0          0          0          0   libinit.o
         2          0          0          0          0          0   libinit2.o
         2          0          0          0          0          0   libshutdown.o
         2          0          0          0          0          0   libshutdown2.o
         8          4          0          0         96         68   libspace.o
        40          6          0          0          0         84   noretval__2sprintf.o
        78          0          0          0          0         80   rt_memclr_w.o
       138          0          0          0          0         68   rt_memcpy_v6.o
       100          0          0          0          0         80   rt_memcpy_w.o
         2          0          0          0          0          0   rtexit.o
        10          0          0          0          0          0   rtexit2.o
        12          4          0          0          0         68   sys_exit.o
        74          0          0          0          0         80   sys_stackheap_outer.o
         2          0          0          0          0         68   use_no_semi.o
       826         16          0          0          0        348   daddsub_clz.o
        24          0          0          0          0         68   dcmpi.o
       688        140          0          0          0        208   ddiv.o
       120          4          0          0          0         92   deqf.o
        94          4          0          0          0         92   dfix.o
        90          4          0          0          0         92   dfixu.o
        84          0          0          0          0        136   dflt_clz.o
       340         12          0          0          0        104   dmul.o
       156          4          0          0          0         92   dnaninf.o
        12          0          0          0          0         68   dretinf.o
        86          4          0          0          0         84   f2d.o
       430          8          0          0          0        168   faddsub_clz.o
        24          0          0          0          0         68   fcmpi.o
       104          4          0          0          0         84   feqf.o
       104          4          0          0          0         84   fleqf.o
       258          4          0          0          0         84   fmul.o
       140          4          0          0          0         84   fnaninf.o
        10          0          0          0          0         68   fretinf.o
        98          0          0          0          0         68   frleqf.o
         0          0          0          0          0          0   usenofp.o

    ----------------------------------------------------------------------
      4940        256          0          0        100       3604   Library Totals
        22          0          0          0          4          0   (incl. Padding)

    ----------------------------------------------------------------------

      Code (inc. data)   RO Data    RW Data    ZI Data      Debug   Library Name

      1230         44          0          0         96       1512   c_w.l
      3688        212          0          0          0       2092   fz_ws.l

    ----------------------------------------------------------------------
      4940        256          0          0        100       3604   Library Totals

    ----------------------------------------------------------------------

==============================================================================


      Code (inc. data)   RO Data    RW Data    ZI Data      Debug   

     29476       1094       1852        272        704     141382   Grand Totals
     29476       1094       1852        272        704     141382   ELF Image Totals
     29476       1094       1852        272          0          0   ROM Totals

==============================================================================

    Total RO  Size (Code + RO Data)                31328 (  30.59kB)
    Total RW  Size (RW Data + ZI Data)               976 (   0.95kB)
    Total ROM Size (Code + RO Data + RW Data)      31600 (  30.86kB)

==============================================================================

