Component: ARM Compiler 5.06 update 6 (build 750) Tool: armlink [4d35ed]

==============================================================================

Section Cross References

    startup.o(RESET) refers to startup.o(STACK) for __initial_sp
    startup.o(RESET) refers to startup.o(.text) for Reset_Handler
    startup.o(.text) refers to startup.o(sin) for Sin0
    startup.o(.text) refers to startup.o(HALF_SIN) for New_Sin


==============================================================================

Removing Unused input sections from the image.

    Removing startup.o(HEAP), (0 bytes).

1 unused section(s) (total 0 bytes) removed from the image.

==============================================================================

Image Symbol Table

    Local Symbols

    Symbol Name                              Value     Ov Type        Size  Object(Section)

    RESET                                    0x00000000   Section      204  startup.o(RESET)
    startup.s                                0x00000000   Number         0  startup.o ABSOLUTE
    .text                                    0x000000cc   Section       88  startup.o(.text)
    sin                                      0x00000124   Section       64  startup.o(sin)
    Sin0                                     0x00000124   Data          10  startup.o(sin)
    .ARM.__at_0x02FC                         0x000002fc   Section        4  startup.o(.ARM.__at_0x02FC)
    HALF_SIN                                 0x10000000   Section       32  startup.o(HALF_SIN)
    New_Sin                                  0x10000000   Data          32  startup.o(HALF_SIN)
    STACK                                    0x10000020   Section      512  startup.o(STACK)

    Global Symbols

    Symbol Name                              Value     Ov Type        Size  Object(Section)

    BuildAttributes$$THM_ISAv4$P$D$K$B$S$PE$A:L22UL41UL21$X:L11$S22US41US21$IEEE1$IW$USESV6$~STKCKD$USESV7$~SHL$OSPACE$EBA8$STANDARDLIB$PRES8$EABIv2 0x00000000   Number         0  anon$$obj.o ABSOLUTE
    __Vectors                                0x00000000   Data           4  startup.o(RESET)
    Reset_Handler                            0x000000cd   Thumb Code    54  startup.o(.text)
    NMI_Handler                              0x00000103   Thumb Code     2  startup.o(.text)
    HardFault_Handler                        0x00000105   Thumb Code     2  startup.o(.text)
    MemManage_Handler                        0x00000107   Thumb Code     2  startup.o(.text)
    BusFault_Handler                         0x00000109   Thumb Code     2  startup.o(.text)
    UsageFault_Handler                       0x0000010b   Thumb Code     2  startup.o(.text)
    SVC_Handler                              0x0000010d   Thumb Code     2  startup.o(.text)
    DebugMon_Handler                         0x0000010f   Thumb Code     2  startup.o(.text)
    PendSV_Handler                           0x00000111   Thumb Code     2  startup.o(.text)
    SysTick_Handler                          0x00000113   Thumb Code     2  startup.o(.text)
    ADC_IRQHandler                           0x00000115   Thumb Code     0  startup.o(.text)
    BOD_IRQHandler                           0x00000115   Thumb Code     0  startup.o(.text)
    CANActivity_IRQHandler                   0x00000115   Thumb Code     0  startup.o(.text)
    CAN_IRQHandler                           0x00000115   Thumb Code     0  startup.o(.text)
    DMA_IRQHandler                           0x00000115   Thumb Code     0  startup.o(.text)
    EINT0_IRQHandler                         0x00000115   Thumb Code     0  startup.o(.text)
    EINT1_IRQHandler                         0x00000115   Thumb Code     0  startup.o(.text)
    EINT2_IRQHandler                         0x00000115   Thumb Code     0  startup.o(.text)
    EINT3_IRQHandler                         0x00000115   Thumb Code     0  startup.o(.text)
    ENET_IRQHandler                          0x00000115   Thumb Code     0  startup.o(.text)
    I2C0_IRQHandler                          0x00000115   Thumb Code     0  startup.o(.text)
    I2C1_IRQHandler                          0x00000115   Thumb Code     0  startup.o(.text)
    I2C2_IRQHandler                          0x00000115   Thumb Code     0  startup.o(.text)
    I2S_IRQHandler                           0x00000115   Thumb Code     0  startup.o(.text)
    MCPWM_IRQHandler                         0x00000115   Thumb Code     0  startup.o(.text)
    PLL0_IRQHandler                          0x00000115   Thumb Code     0  startup.o(.text)
    PLL1_IRQHandler                          0x00000115   Thumb Code     0  startup.o(.text)
    PWM1_IRQHandler                          0x00000115   Thumb Code     0  startup.o(.text)
    QEI_IRQHandler                           0x00000115   Thumb Code     0  startup.o(.text)
    RIT_IRQHandler                           0x00000115   Thumb Code     0  startup.o(.text)
    RTC_IRQHandler                           0x00000115   Thumb Code     0  startup.o(.text)
    SPI_IRQHandler                           0x00000115   Thumb Code     0  startup.o(.text)
    SSP0_IRQHandler                          0x00000115   Thumb Code     0  startup.o(.text)
    SSP1_IRQHandler                          0x00000115   Thumb Code     0  startup.o(.text)
    TIMER0_IRQHandler                        0x00000115   Thumb Code     0  startup.o(.text)
    TIMER1_IRQHandler                        0x00000115   Thumb Code     0  startup.o(.text)
    TIMER2_IRQHandler                        0x00000115   Thumb Code     0  startup.o(.text)
    TIMER3_IRQHandler                        0x00000115   Thumb Code     0  startup.o(.text)
    UART0_IRQHandler                         0x00000115   Thumb Code     0  startup.o(.text)
    UART1_IRQHandler                         0x00000115   Thumb Code     0  startup.o(.text)
    UART2_IRQHandler                         0x00000115   Thumb Code     0  startup.o(.text)
    UART3_IRQHandler                         0x00000115   Thumb Code     0  startup.o(.text)
    USBActivity_IRQHandler                   0x00000115   Thumb Code     0  startup.o(.text)
    USB_IRQHandler                           0x00000115   Thumb Code     0  startup.o(.text)
    WDT_IRQHandler                           0x00000115   Thumb Code     0  startup.o(.text)
    __initial_sp                             0x10000220   Data           0  startup.o(STACK)



==============================================================================

Memory Map of the image

  Image Entry point : 0x000000cd

  Load Region LR_1 (Base: 0x00000000, Size: 0x00000320, Max: 0xffffffff, ABSOLUTE)

    Execution Region ER_RO (Exec base: 0x00000000, Load base: 0x00000000, Size: 0x00000300, Max: 0xffffffff, ABSOLUTE)

    Exec Addr    Load Addr    Size         Type   Attr      Idx    E Section Name        Object

    0x00000000   0x00000000   0x000000cc   Data   RO            3    RESET               startup.o
    0x000000cc   0x000000cc   0x00000058   Code   RO            7  * .text               startup.o
    0x00000124   0x00000124   0x00000040   Data   RO            5    sin                 startup.o
    0x00000164   0x00000164   0x00000198   PAD
    0x000002fc   0x000002fc   0x00000004   Code   RO            4    .ARM.__at_0x02FC    startup.o


    Execution Region ER_RW (Exec base: 0x10000000, Load base: 0x00000300, Size: 0x00000020, Max: 0xffffffff, ABSOLUTE)

    Exec Addr    Load Addr    Size         Type   Attr      Idx    E Section Name        Object

    0x10000000   0x00000300   0x00000020   Data   RW            6    HALF_SIN            startup.o


    Execution Region ER_ZI (Exec base: 0x10000020, Load base: 0x00000320, Size: 0x00000200, Max: 0xffffffff, ABSOLUTE)

    Exec Addr    Load Addr    Size         Type   Attr      Idx    E Section Name        Object

    0x10000020        -       0x00000200   Zero   RW            1    STACK               startup.o


==============================================================================

Image component sizes


      Code (inc. data)   RO Data    RW Data    ZI Data      Debug   Object Name

        92         18        268         32        512       1036   startup.o

    ----------------------------------------------------------------------
        92         18        676         32        512       1036   Object Totals
         0          0          0          0          0          0   (incl. Generated)
         0          0        408          0          0          0   (incl. Padding)

    ----------------------------------------------------------------------
         0          0          0          0          0          0   Library Totals
         0          0          0          0          0          0   (incl. Padding)

    ----------------------------------------------------------------------

==============================================================================


      Code (inc. data)   RO Data    RW Data    ZI Data      Debug   

        92         18        676         32        512       1036   Grand Totals
        92         18        676         32        512       1036   ELF Image Totals
        92         18        676         32          0          0   ROM Totals

==============================================================================

    Total RO  Size (Code + RO Data)                  768 (   0.75kB)
    Total RW  Size (RW Data + ZI Data)               544 (   0.53kB)
    Total ROM Size (Code + RO Data + RW Data)        800 (   0.78kB)

==============================================================================

